 MVDRBeamformerHDL_cgxe

 Timestamp is 64ff1c04 (Mon Sep 11 20:54:12 2023)

 Preferred load address is 0000000180000000

 Start         Length     Name                   Class
 0001:00000000 00010250H .text$mn                CODE
 0001:00010250 00000036H .text$mn$00             CODE
 0001:00010286 00000092H .text$x                 CODE
 0002:00000000 00000340H .idata$5                DATA
 0002:00000340 00000038H .00cfg                  DATA
 0002:00000378 00000008H .CRT$XCA                DATA
 0002:00000380 00000008H .CRT$XCZ                DATA
 0002:00000388 00000008H .CRT$XIA                DATA
 0002:00000390 00000008H .CRT$XIZ                DATA
 0002:00000398 00000008H .CRT$XPA                DATA
 0002:000003a0 00000008H .CRT$XPZ                DATA
 0002:000003a8 00000008H .CRT$XTA                DATA
 0002:000003b0 00000010H .CRT$XTZ                DATA
 0002:000003b8 00000000H .gehcont$y              DATA
 0002:000003b8 00000000H .gfids$y                DATA
 0002:000003c0 00000640H .rdata                  DATA
 0002:00000a00 00000080H .rdata$CastGuardVftablesA DATA
 0002:00000a80 00000080H .rdata$CastGuardVftablesC DATA
 0002:00000b00 0000017cH .rdata$voltmd           DATA
 0002:00000c7c 0000027cH .rdata$zzzdbg           DATA
 0002:00000ef8 00000008H .rtc$IAA                DATA
 0002:00000f00 00000008H .rtc$IZZ                DATA
 0002:00000f08 00000008H .rtc$TAA                DATA
 0002:00000f10 00000008H .rtc$TZZ                DATA
 0002:00000f18 000008b8H .xdata                  DATA
 0002:000017d0 00000080H .edata                  DATA
 0002:00001850 000000f0H .idata$2                DATA
 0002:00001940 00000018H .idata$3                DATA
 0002:00001958 00000340H .idata$4                DATA
 0002:00001c98 00000884H .idata$6                DATA
 0003:00000000 00007b80H .data                   DATA
 0003:00007b80 00000620H .bss                    DATA
 0004:00000000 00000a44H .pdata                  DATA

  Address         Publics by Value              Rva+Base               Lib:Object

 0000:00000000       __AbsoluteZero             0000000000000000     <absolute>
 0000:00000000       ___safe_se_handler_count   0000000000000000     <absolute>
 0000:00000000       ___safe_se_handler_table   0000000000000000     <absolute>
 0000:00000000       __arm64x_extra_rfe_table   0000000000000000     <absolute>
 0000:00000000       __arm64x_extra_rfe_table_size 0000000000000000     <absolute>
 0000:00000000       __arm64x_native_entrypoint 0000000000000000     <absolute>
 0000:00000000       __arm64x_redirection_metadata 0000000000000000     <absolute>
 0000:00000000       __arm64x_redirection_metadata_count 0000000000000000     <absolute>
 0000:00000000       __dynamic_value_reloc_table 0000000000000000     <absolute>
 0000:00000000       __enclave_config           0000000000000000     <absolute>
 0000:00000000       __guard_check_icall_a64n_fptr 0000000000000000     <absolute>
 0000:00000000       __guard_eh_cont_count      0000000000000000     <absolute>
 0000:00000000       __guard_eh_cont_table      0000000000000000     <absolute>
 0000:00000000       __guard_fids_count         0000000000000000     <absolute>
 0000:00000000       __guard_fids_table         0000000000000000     <absolute>
 0000:00000000       __guard_iat_count          0000000000000000     <absolute>
 0000:00000000       __guard_iat_table          0000000000000000     <absolute>
 0000:00000000       __guard_longjmp_count      0000000000000000     <absolute>
 0000:00000000       __guard_longjmp_table      0000000000000000     <absolute>
 0000:00000000       __hybrid_auxiliary_delayload_iat 0000000000000000     <absolute>
 0000:00000000       __hybrid_auxiliary_delayload_iat_copy 0000000000000000     <absolute>
 0000:00000000       __hybrid_auxiliary_iat     0000000000000000     <absolute>
 0000:00000000       __hybrid_auxiliary_iat_copy 0000000000000000     <absolute>
 0000:00000000       __hybrid_code_map          0000000000000000     <absolute>
 0000:00000000       __hybrid_code_map_count    0000000000000000     <absolute>
 0000:00000000       __x64_code_ranges_to_entry_points 0000000000000000     <absolute>
 0000:00000000       __x64_code_ranges_to_entry_points_count 0000000000000000     <absolute>
 0000:00000100       __guard_flags              0000000000000100     <absolute>
 0000:00000000       __ImageBase                0000000180000000     <linker-defined>
 0001:00000000       mexfilerequiredapiversion  0000000180001000 f   c_mexapi_version.obj
 0001:00000030       cgxe_MVDRBeamformerHDL_method_dispatcher 0000000180001030 f   MVDRBeamformerHDL_cgxe.obj
 0001:00000110       method_dispatcher_Kwnlh4DDKo0d1E3PVche9F 0000000180001110 f   m_Kwnlh4DDKo0d1E3PVche9F.obj
 0001:00005bc0       cgxe_Kwnlh4DDKo0d1E3PVche9F_BuildInfoUpdate 0000000180006bc0 f   m_Kwnlh4DDKo0d1E3PVche9F.obj
 0001:00005e60       cgxe_Kwnlh4DDKo0d1E3PVche9F_fallback_info 0000000180006e60 f   m_Kwnlh4DDKo0d1E3PVche9F.obj
 0001:00005f00       mexFunction                0000000180006f00 f   MVDRBeamformerHDL_cgxe_registry.obj
 0001:00007d70       _ssSetInputPortDirectFeedThroughFcn 0000000180008d70 f   MVDRBeamformerHDL_cgxe_registry.obj
 0001:00007ee0       _ssSetRWorkValueFcn        0000000180008ee0 f   MVDRBeamformerHDL_cgxe_registry.obj
 0001:00007f60       _ssGetRWorkValueFcn        0000000180008f60 f   MVDRBeamformerHDL_cgxe_registry.obj
 0001:00007fd0       _ssSetIWorkValueFcn        0000000180008fd0 f   MVDRBeamformerHDL_cgxe_registry.obj
 0001:00008050       _ssGetIWorkValueFcn        0000000180009050 f   MVDRBeamformerHDL_cgxe_registry.obj
 0001:000080c0       _ssSetPWorkValueFcn        00000001800090c0 f   MVDRBeamformerHDL_cgxe_registry.obj
 0001:00008140       _ssGetPWorkValueFcn        0000000180009140 f   MVDRBeamformerHDL_cgxe_registry.obj
 0001:000081b0       _ssGetInputPortSignalFcn   00000001800091b0 f   MVDRBeamformerHDL_cgxe_registry.obj
 0001:00008540       _ssGetInputPortBufferDstPortFcn 0000000180009540 f   MVDRBeamformerHDL_cgxe_registry.obj
 0001:000085c0       _ssGetInputPortSignalPtrsFcn 00000001800095c0 f   MVDRBeamformerHDL_cgxe_registry.obj
 0001:00008950       ssGetParameterTuningCompliance 0000000180009950 f   MVDRBeamformerHDL_cgxe_registry.obj
 0001:000089c0       _ssReadInputStringFcn      00000001800099c0 f   MVDRBeamformerHDL_cgxe_registry.obj
 0001:00008a30       ssGetDTypeIdFromMxArray    0000000180009a30 f   MVDRBeamformerHDL_cgxe_registry.obj
 0001:00008b50       ssWriteRTWMx2dMatParam     0000000180009b50 f   MVDRBeamformerHDL_cgxe_registry.obj
 0001:00008be0       ssWriteRTWMxVectParam      0000000180009be0 f   MVDRBeamformerHDL_cgxe_registry.obj
 0001:00008c60       ssWriteRTWParameters       0000000180009c60 f   MVDRBeamformerHDL_cgxe_registry.obj
 0001:00009220       ssWriteRTWParamSettings    000000018000a220 f   MVDRBeamformerHDL_cgxe_registry.obj
 0001:00009910       ssWriteRTWStr              000000018000a910 f   MVDRBeamformerHDL_cgxe_registry.obj
 0001:00009970       ssWriteRTWWorkVect         000000018000a970 f   MVDRBeamformerHDL_cgxe_registry.obj
 0001:00009ed0       ssWarning                  000000018000aed0 f   MVDRBeamformerHDL_cgxe_registry.obj
 0001:00009fc0       ssGetRootSS                000000018000afc0 f   MVDRBeamformerHDL_cgxe_registry.obj
 0001:0000a080       ssGetParentSS              000000018000b080 f   MVDRBeamformerHDL_cgxe_registry.obj
 0001:0000a140       ssWriteRTWNameValuePair    000000018000b140 f   MVDRBeamformerHDL_cgxe_registry.obj
 0001:0000a640       _ssSetInputPortMatrixDimensions 000000018000b640 f   MVDRBeamformerHDL_cgxe_registry.obj
 0001:0000a790       _ssSetOutputPortMatrixDimensions 000000018000b790 f   MVDRBeamformerHDL_cgxe_registry.obj
 0001:0000a8e0       _ssSetInputPortVectorDimension 000000018000b8e0 f   MVDRBeamformerHDL_cgxe_registry.obj
 0001:0000a990       _ssSetOutputPortVectorDimension 000000018000b990 f   MVDRBeamformerHDL_cgxe_registry.obj
 0001:0000aa40       ssIsRunTimeParamTunable    000000018000ba40 f   MVDRBeamformerHDL_cgxe_registry.obj
 0001:0000aab0       ssGetSFuncBlockHandle      000000018000bab0 f   MVDRBeamformerHDL_cgxe_registry.obj
 0001:0000ab20       _ssGetCallSystemNumFcnCallDestinations 000000018000bb20 f   MVDRBeamformerHDL_cgxe_registry.obj
 0001:0000ab90       _ssGetCurrentInputPortWidth 000000018000bb90 f   MVDRBeamformerHDL_cgxe_registry.obj
 0001:0000acd0       _ssGetCurrentOutputPortWidth 000000018000bcd0 f   MVDRBeamformerHDL_cgxe_registry.obj
 0001:0000ae10       ssGetIsZeroCrossControlDisabled 000000018000be10 f   MVDRBeamformerHDL_cgxe_registry.obj
 0001:0000ae80       ssSetIsInputPortUsedForContZcSignal 000000018000be80 f   MVDRBeamformerHDL_cgxe_registry.obj
 0001:0000aef0       ssSetZcSignalIsZcElementDisc 000000018000bef0 f   MVDRBeamformerHDL_cgxe_registry.obj
 0001:0000afa0       ssSetZcSignalName          000000018000bfa0 f   MVDRBeamformerHDL_cgxe_registry.obj
 0001:0000b010       ssSetZcSignalWidth         000000018000c010 f   MVDRBeamformerHDL_cgxe_registry.obj
 0001:0000b080       ssSetZcSignalZcEventType   000000018000c080 f   MVDRBeamformerHDL_cgxe_registry.obj
 0001:0000b0f0       ssSetZcSignalType          000000018000c0f0 f   MVDRBeamformerHDL_cgxe_registry.obj
 0001:0000b160       ssSetZcSignalZcTol         000000018000c160 f   MVDRBeamformerHDL_cgxe_registry.obj
 0001:0000b1d0       ssSetZcSignalNeedsEventNotification 000000018000c1d0 f   MVDRBeamformerHDL_cgxe_registry.obj
 0001:0000b240       ssCreateAndAddZcSignalInfo 000000018000c240 f   MVDRBeamformerHDL_cgxe_registry.obj
 0001:0000b2b0       ssCloneAndAddZcSignalInfo  000000018000c2b0 f   MVDRBeamformerHDL_cgxe_registry.obj
 0001:0000b320       ssGetNumZcSignals          000000018000c320 f   MVDRBeamformerHDL_cgxe_registry.obj
 0001:0000b390       ssGetZcSignalVector        000000018000c390 f   MVDRBeamformerHDL_cgxe_registry.obj
 0001:0000b400       ssGetZcSignalName          000000018000c400 f   MVDRBeamformerHDL_cgxe_registry.obj
 0001:0000b470       ssGetZcSignalWidth         000000018000c470 f   MVDRBeamformerHDL_cgxe_registry.obj
 0001:0000b4e0       ssGetZcSignalZcEventType   000000018000c4e0 f   MVDRBeamformerHDL_cgxe_registry.obj
 0001:0000b550       ssGetZcSignalZcEvents      000000018000c550 f   MVDRBeamformerHDL_cgxe_registry.obj
 0001:0000b5c0       ssGetZcSignalType          000000018000c5c0 f   MVDRBeamformerHDL_cgxe_registry.obj
 0001:0000b630       ssGetZcSignalZcTol         000000018000c630 f   MVDRBeamformerHDL_cgxe_registry.obj
 0001:0000b6b0       ssGetZcSignalNeedsEventNotification 000000018000c6b0 f   MVDRBeamformerHDL_cgxe_registry.obj
 0001:0000b720       ssGetZcSignalIsZcElementDisc 000000018000c720 f   MVDRBeamformerHDL_cgxe_registry.obj
 0001:0000b7c0       ssGetIsInputPortElementContinuous 000000018000c7c0 f   MVDRBeamformerHDL_cgxe_registry.obj
 0001:0000b860       _ssGetAbsTol               000000018000c860 f   MVDRBeamformerHDL_cgxe_registry.obj
 0001:0000b8d0       _ssSetStateAbsTol          000000018000c8d0 f   MVDRBeamformerHDL_cgxe_registry.obj
 0001:0000b9b0       _ssSetInputPortReusableFcn 000000018000c9b0 f   MVDRBeamformerHDL_cgxe_registry.obj
 0001:0000bab0       _ssSetOutputPortReusableFcn 000000018000cab0 f   MVDRBeamformerHDL_cgxe_registry.obj
 0001:0000bbb0       _ssSetSymbolicDimsSupport  000000018000cbb0 f   MVDRBeamformerHDL_cgxe_registry.obj
 0001:0000bc20       _ssRegisterSymbolicDimsExpr 000000018000cc20 f   MVDRBeamformerHDL_cgxe_registry.obj
 0001:0000bca0       _ssRegisterSymbolicDimsMATLABExpr 000000018000cca0 f   MVDRBeamformerHDL_cgxe_registry.obj
 0001:0000bd30       _ssRegisterSymbolicDims    000000018000cd30 f   MVDRBeamformerHDL_cgxe_registry.obj
 0001:0000bdd0       _ssRegisterSymbolicDimsString 000000018000cdd0 f   MVDRBeamformerHDL_cgxe_registry.obj
 0001:0000be50       _ssRegisterSymbolicDimsIntValue 000000018000ce50 f   MVDRBeamformerHDL_cgxe_registry.obj
 0001:0000bec0       _ssRegisterSymbolicEqualRelation 000000018000cec0 f   MVDRBeamformerHDL_cgxe_registry.obj
 0001:0000bf30       _ssRegisterSymbolicEqualValue 000000018000cf30 f   MVDRBeamformerHDL_cgxe_registry.obj
 0001:0000bfa0       _ssAmendLeadingSymbolicDims 000000018000cfa0 f   MVDRBeamformerHDL_cgxe_registry.obj
 0001:0000c020       _ssAmendTrailingSymbolicDims 000000018000d020 f   MVDRBeamformerHDL_cgxe_registry.obj
 0001:0000c0a0       _ssRegisterSymbolicDimsPlus 000000018000d0a0 f   MVDRBeamformerHDL_cgxe_registry.obj
 0001:0000c120       _ssRegisterSymbolicDimsMinus 000000018000d120 f   MVDRBeamformerHDL_cgxe_registry.obj
 0001:0000c1a0       _ssRegisterSymbolicDimsMultiply 000000018000d1a0 f   MVDRBeamformerHDL_cgxe_registry.obj
 0001:0000c220       _ssRegisterSymbolicDimsDivide 000000018000d220 f   MVDRBeamformerHDL_cgxe_registry.obj
 0001:0000c2a0       _ssGetNumSymbolicDims      000000018000d2a0 f   MVDRBeamformerHDL_cgxe_registry.obj
 0001:0000c310       _ssGetSymbolicDim          000000018000d310 f   MVDRBeamformerHDL_cgxe_registry.obj
 0001:0000c390       _ssSetInputPortSymbolicDimsId 000000018000d390 f   MVDRBeamformerHDL_cgxe_registry.obj
 0001:0000c400       _ssGetCompInputPortSymbolicDimsId 000000018000d400 f   MVDRBeamformerHDL_cgxe_registry.obj
 0001:0000c470       _ssSetCompInputPortSymbolicDimsId 000000018000d470 f   MVDRBeamformerHDL_cgxe_registry.obj
 0001:0000c4e0       _ssSetOutputPortSymbolicDimsId 000000018000d4e0 f   MVDRBeamformerHDL_cgxe_registry.obj
 0001:0000c550       _ssGetCompOutputPortSymbolicDimsId 000000018000d550 f   MVDRBeamformerHDL_cgxe_registry.obj
 0001:0000c5c0       _ssSetCompOutputPortSymbolicDimsId 000000018000d5c0 f   MVDRBeamformerHDL_cgxe_registry.obj
 0001:0000c630       _ssGetDWorkSymbolicDimsId  000000018000d630 f   MVDRBeamformerHDL_cgxe_registry.obj
 0001:0000c6a0       _ssSetDWorkSymbolicDimsId  000000018000d6a0 f   MVDRBeamformerHDL_cgxe_registry.obj
 0001:0000c710       _ssGetCompDWorkSymbolicDimsId 000000018000d710 f   MVDRBeamformerHDL_cgxe_registry.obj
 0001:0000c780       _ssSetCompDWorkSymbolicDimsId 000000018000d780 f   MVDRBeamformerHDL_cgxe_registry.obj
 0001:0000c7f0       _ssCreateSLCGStringBuffer  000000018000d7f0 f   MVDRBeamformerHDL_cgxe_registry.obj
 0001:0000c860       _ssAddToSLCGStringBuffer   000000018000d860 f   MVDRBeamformerHDL_cgxe_registry.obj
 0001:0000c8d0       _ssGetPointerContainedData 000000018000d8d0 f   MVDRBeamformerHDL_cgxe_registry.obj
 0001:0000c960       _ssGetPointerContainedDataWidth 000000018000d960 f   MVDRBeamformerHDL_cgxe_registry.obj
 0001:0000c9f0       _ssRegisterDynamicArrayDataTypeFcn 000000018000d9f0 f   MVDRBeamformerHDL_cgxe_registry.obj
 0001:0000ca90       _ssGetDynamicArrayContainedDataCurrentWidthFcn 000000018000da90 f   MVDRBeamformerHDL_cgxe_registry.obj
 0001:0000cb60       _ssGetDynamicArrayContainedDataFcn 000000018000db60 f   MVDRBeamformerHDL_cgxe_registry.obj
 0001:0000cc30       _ssGetInputPortDynamicArrayDataFcn 000000018000dc30 f   MVDRBeamformerHDL_cgxe_registry.obj
 0001:0000ccf0       _ssGetOutputPortDynamicArrayDataFcn 000000018000dcf0 f   MVDRBeamformerHDL_cgxe_registry.obj
 0001:0000cdb0       _ssGetInputPortDynamicArrayContainedDataFcn 000000018000ddb0 f   MVDRBeamformerHDL_cgxe_registry.obj
 0001:0000ce70       _ssGetOutputPortDynamicArrayContainedDataFcn 000000018000de70 f   MVDRBeamformerHDL_cgxe_registry.obj
 0001:0000cf30       _ssGetDynamicArrayDWorkContainedDataFcn 000000018000df30 f   MVDRBeamformerHDL_cgxe_registry.obj
 0001:0000ea20       __local_stdio_printf_options 000000018000fa20 f i MVDRBeamformerHDL_cgxe_registry.obj
 0001:0000ea30       _vsnprintf_l               000000018000fa30 f i MVDRBeamformerHDL_cgxe_registry.obj
 0001:0000eab0       _vsprintf_l                000000018000fab0 f i MVDRBeamformerHDL_cgxe_registry.obj
 0001:0000eb00       sprintf                    000000018000fb00 f i MVDRBeamformerHDL_cgxe_registry.obj
 0001:0000eb4f       mxGetPr_800                000000018000fb4f f   libmx:libmx.dll
 0001:0000eb55       mxSetCell_800              000000018000fb55 f   libmx:libmx.dll
 0001:0000eb5b       mxSetFieldByNumber_800     000000018000fb5b f   libmx:libmx.dll
 0001:0000eb61       mxCreateDoubleMatrix_800   000000018000fb61 f   libmx:libmx.dll
 0001:0000eb67       mxCreateString_800         000000018000fb67 f   libmx:libmx.dll
 0001:0000eb6d       mxCreateCellMatrix_800     000000018000fb6d f   libmx:libmx.dll
 0001:0000eb73       mxCreateStructMatrix_800   000000018000fb73 f   libmx:libmx.dll
 0001:0000eb79       mxGetNaN_800               000000018000fb79 f   libmx:libmx.dll
 0001:0000eb7f       mxCalloc_800               000000018000fb7f f   libmx:libmx.dll
 0001:0000eb85       mxGetM_800                 000000018000fb85 f   libmx:libmx.dll
 0001:0000eb8b       mxGetClassID_800           000000018000fb8b f   libmx:libmx.dll
 0001:0000eb91       mxGetData_800              000000018000fb91 f   libmx:libmx.dll
 0001:0000eb97       mxIsNumeric_800            000000018000fb97 f   libmx:libmx.dll
 0001:0000eb9d       mxIsChar_800               000000018000fb9d f   libmx:libmx.dll
 0001:0000eba3       mxIsComplex_800            000000018000fba3 f   libmx:libmx.dll
 0001:0000eba9       mxGetN_800                 000000018000fba9 f   libmx:libmx.dll
 0001:0000ebaf       mxSetField_800             000000018000fbaf f   libmx:libmx.dll
 0001:0000ebb5       mxCreateNumericMatrix_800  000000018000fbb5 f   libmx:libmx.dll
 0001:0000ebbb       mxCreateDoubleScalar_800   000000018000fbbb f   libmx:libmx.dll
 0001:0000ebc1       mxGetString_800            000000018000fbc1 f   libmx:libmx.dll
 0001:0000ebc7       mexWarnMsgTxt_800          000000018000fbc7 f   libmex:libmex.dll
 0001:0000ebcd       mexPrintf_800              000000018000fbcd f   libmex:libmex.dll
 0001:0000ebd3       mexCallMATLAB_800          000000018000fbd3 f   libmex:libmex.dll
 0001:0000ebd9       mexUnlock_800              000000018000fbd9 f   libmex:libmex.dll
 0001:0000ebdf       mexIsLocked_800            000000018000fbdf f   libmex:libmex.dll
 0001:0000ebe5       muDoubleScalarAbs          000000018000fbe5 f   libmwmathutil:libmwmathutil.dll
 0001:0000ebeb       muDoubleScalarCeil         000000018000fbeb f   libmwmathutil:libmwmathutil.dll
 0001:0000ebf1       muDoubleScalarFloor        000000018000fbf1 f   libmwmathutil:libmwmathutil.dll
 0001:0000ebf7       muDoubleScalarRound        000000018000fbf7 f   libmwmathutil:libmwmathutil.dll
 0001:0000ebfd       muDoubleScalarExp          000000018000fbfd f   libmwmathutil:libmwmathutil.dll
 0001:0000ec03       muDoubleScalarLog          000000018000fc03 f   libmwmathutil:libmwmathutil.dll
 0001:0000ec09       muDoubleScalarSqrt         000000018000fc09 f   libmwmathutil:libmwmathutil.dll
 0001:0000ec0f       muDoubleScalarRem          000000018000fc0f f   libmwmathutil:libmwmathutil.dll
 0001:0000ec15       muDoubleScalarIsNaN        000000018000fc15 f   libmwmathutil:libmwmathutil.dll
 0001:0000ec1b       muDoubleScalarIsInf        000000018000fc1b f   libmwmathutil:libmwmathutil.dll
 0001:0000ec21       emlrtLicenseCheckR2022a    000000018000fc21 f   libemlrt:libemlrt.dll
 0001:0000ec27       emlrtAssign                000000018000fc27 f   libemlrt:libemlrt.dll
 0001:0000ec2d       emlrtCreateCharArray       000000018000fc2d f   libemlrt:libemlrt.dll
 0001:0000ec33       emlrtCallMATLABR2012b      000000018000fc33 f   libemlrt:libemlrt.dll
 0001:0000ec39       emlrtInitCharArrayR2013a   000000018000fc39 f   libemlrt:libemlrt.dll
 0001:0000ec3f       emlrtErrorWithMessageIdR2018a 000000018000fc3f f   libemlrt:libemlrt.dll
 0001:0000ec45       cgxertGetInputPortSignal   000000018000fc45 f   libmwcgxert:libmwcgxert.dll
 0001:0000ec4b       cgxertGetOutputPortSignal  000000018000fc4b f   libmwcgxert:libmwcgxert.dll
 0001:0000ec51       cgxertSetSimStateCompliance 000000018000fc51 f   libmwcgxert:libmwcgxert.dll
 0001:0000ec57       cgxertGetRuntimeInstance   000000018000fc57 f   libmwcgxert:libmwcgxert.dll
 0001:0000ec5d       cgxertSetRuntimeInstance   000000018000fc5d f   libmwcgxert:libmwcgxert.dll
 0001:0000ec63       cgxertGetEMLRTCtx          000000018000fc63 f   libmwcgxert:libmwcgxert.dll
 0001:0000ec69       cgxertSetGcb               000000018000fc69 f   libmwcgxert:libmwcgxert.dll
 0001:0000ec6f       cgxertRestoreGcb           000000018000fc6f f   libmwcgxert:libmwcgxert.dll
 0001:0000ec78       __raise_securityfailure    000000018000fc78 f   MSVCRT:gs_report.obj
 0001:0000ecac       __report_gsfailure         000000018000fcac f   MSVCRT:gs_report.obj
 0001:0000ed80       __report_rangecheckfailure 000000018000fd80 f   MSVCRT:gs_report.obj
 0001:0000ed94       __report_securityfailure   000000018000fd94 f   MSVCRT:gs_report.obj
 0001:0000ee30       __report_securityfailureEx 000000018000fe30 f   MSVCRT:gs_report.obj
 0001:0000f024       __GSHandlerCheck           0000000180010024 f   MSVCRT:gshandler.obj
 0001:0000f044       __GSHandlerCheckCommon     0000000180010044 f   MSVCRT:gshandler.obj
 0001:0000f0b0       __security_check_cookie    00000001800100b0 f   MSVCRT:amdsecgs.obj
 0001:0000f40c       _CRT_INIT                  000000018001040c f   MSVCRT:dll_dllmain.obj
 0001:0000f414       _DllMainCRTStartup         0000000180010414 f   MSVCRT:dll_dllmain.obj
 0001:0000f4c0       __security_init_cookie     00000001800104c0 f   MSVCRT:gs_support.obj
 0001:0000f56c       DllMain                    000000018001056c f   MSVCRT:dll_dllmain_stub.obj
 0001:0000f590       ?__scrt_initialize_type_info@@YAXXZ 0000000180010590 f   MSVCRT:tncleanup.obj
 0001:0000f5a0       ?__scrt_uninitialize_type_info@@YAXXZ 00000001800105a0 f   MSVCRT:tncleanup.obj
 0001:0000f5ac       __local_stdio_scanf_options 00000001800105ac f i MSVCRT:default_local_stdio_options.obj
 0001:0000f5b4       __scrt_initialize_default_local_stdio_options 00000001800105b4 f   MSVCRT:default_local_stdio_options.obj
 0001:0000f5d0       ?configure_argv@__scrt_narrow_argv_policy@@SAHXZ 00000001800105d0 f i MSVCRT:utility.obj
 0001:0000f630       ?initialize_environment@__scrt_narrow_environment_policy@@SAHXZ 0000000180010630 f i MSVCRT:utility.obj
 0001:0000f668       NtCurrentTeb               0000000180010668 f i MSVCRT:utility.obj
 0001:0000f674       __scrt_acquire_startup_lock 0000000180010674 f   MSVCRT:utility.obj
 0001:0000f6b0       __scrt_dllmain_after_initialize_c 00000001800106b0 f   MSVCRT:utility.obj
 0001:0000f6e4       __scrt_dllmain_before_initialize_c 00000001800106e4 f   MSVCRT:utility.obj
 0001:0000f6fc       __scrt_dllmain_crt_thread_attach 00000001800106fc f   MSVCRT:utility.obj
 0001:0000f724       __scrt_dllmain_crt_thread_detach 0000000180010724 f   MSVCRT:utility.obj
 0001:0000f73c       __scrt_dllmain_exception_filter 000000018001073c f   MSVCRT:utility.obj
 0001:0000f79c       __scrt_dllmain_uninitialize_c 000000018001079c f   MSVCRT:utility.obj
 0001:0000f7cc       __scrt_dllmain_uninitialize_critical 00000001800107cc f   MSVCRT:utility.obj
 0001:0000f7e0       __scrt_initialize_crt      00000001800107e0 f   MSVCRT:utility.obj
 0001:0000f82c       __scrt_initialize_onexit_tables 000000018001082c f   MSVCRT:utility.obj
 0001:0000f8b8       __scrt_is_nonwritable_in_current_image 00000001800108b8 f   MSVCRT:utility.obj
 0001:0000f950       __scrt_release_startup_lock 0000000180010950 f   MSVCRT:utility.obj
 0001:0000f974       __scrt_uninitialize_crt    0000000180010974 f   MSVCRT:utility.obj
 0001:0000f9a0       _onexit                    00000001800109a0 f   MSVCRT:utility.obj
 0001:0000f9dc       at_quick_exit              00000001800109dc f   MSVCRT:utility.obj
 0001:0000f9fc       atexit                     00000001800109fc f   MSVCRT:utility.obj
 0001:0000fa14       __scrt_get_dyn_tls_init_callback 0000000180010a14 f   MSVCRT:dyn_tls_init.obj
 0001:0000fa1c       __crt_debugger_hook        0000000180010a1c f   MSVCRT:utility_desktop.obj
 0001:0000fa24       __scrt_fastfail            0000000180010a24 f   MSVCRT:utility_desktop.obj
 0001:0000fb70       __scrt_get_show_window_mode 0000000180010b70 f   MSVCRT:utility_desktop.obj
 0001:0000fbac       __scrt_initialize_mta      0000000180010bac f   MSVCRT:utility_desktop.obj
 0001:0000fbb4       __scrt_initialize_winrt    0000000180010bb4 f   MSVCRT:utility_desktop.obj
 0001:0000fbb8       __scrt_is_managed_app      0000000180010bb8 f   MSVCRT:utility_desktop.obj
 0001:0000fc0c       __scrt_set_unhandled_exception_filter 0000000180010c0c f   MSVCRT:utility_desktop.obj
 0001:0000fc1c       __scrt_exe_initialize_mta  0000000180010c1c f   MSVCRT:utility_desktop.obj
 0001:0000fc1c       __scrt_stub_for_initialize_mta 0000000180010c1c f   MSVCRT:utility_desktop.obj
 0001:0000fc20       __scrt_unhandled_exception_filter 0000000180010c20 f   MSVCRT:utility_desktop.obj
 0001:0000fc7c       _RTC_Initialize            0000000180010c7c f   MSVCRT:initsect.obj
 0001:0000fcb8       _RTC_Terminate             0000000180010cb8 f   MSVCRT:initsect.obj
 0001:0000fcf4       _guard_check_icall_nop     0000000180010cf4 f i MSVCRT:guard_support.obj
 0001:0000fcf8       ReadNoFence64              0000000180010cf8 f i MSVCRT:guard_support.obj
 0001:0000fcfc       ReadPointerNoFence         0000000180010cfc f i MSVCRT:guard_support.obj
 0001:0000fd00       __castguard_check_failure_debugbreak 0000000180010d00 f i MSVCRT:guard_support.obj
 0001:0000fd1c       __castguard_check_failure_fastfail 0000000180010d1c f i MSVCRT:guard_support.obj
 0001:0000fd40       __castguard_check_failure_nop 0000000180010d40 f i MSVCRT:guard_support.obj
 0001:0000fd44       __castguard_check_failure_os_handled 0000000180010d44 f i MSVCRT:guard_support.obj
 0001:0000fda0       __castguard_check_failure_user_handled 0000000180010da0 f i MSVCRT:guard_support.obj
 0001:0000fe14       __castguard_set_user_handler 0000000180010e14 f i MSVCRT:guard_support.obj
 0001:0000fe20       __castguard_slow_path_check_debugbreak 0000000180010e20 f i MSVCRT:guard_support.obj
 0001:0000fe54       __castguard_slow_path_check_fastfail 0000000180010e54 f i MSVCRT:guard_support.obj
 0001:0000fe90       __castguard_slow_path_check_nop 0000000180010e90 f i MSVCRT:guard_support.obj
 0001:0000fe94       __castguard_slow_path_check_os_handled 0000000180010e94 f i MSVCRT:guard_support.obj
 0001:0000fee8       __castguard_slow_path_check_user_handled 0000000180010ee8 f i MSVCRT:guard_support.obj
 0001:0000ff54       _guard_icall_checks_enforced 0000000180010f54 f i MSVCRT:guard_support.obj
 0001:0000ff6c       _guard_rf_checks_enforced  0000000180010f6c f i MSVCRT:guard_support.obj
 0001:0000ff70       __isa_available_init       0000000180010f70 f   MSVCRT:cpu_disp.obj
 0001:0001011c       _get_startup_argv_mode     000000018001111c f   MSVCRT:argv_mode.obj
 0001:00010124       __scrt_is_ucrt_dll_in_use  0000000180011124 f   MSVCRT:ucrt_detection.obj
 0001:00010130       RtlCaptureContext          0000000180011130 f   kernel32:KERNEL32.dll
 0001:00010136       RtlLookupFunctionEntry     0000000180011136 f   kernel32:KERNEL32.dll
 0001:0001013c       RtlVirtualUnwind           000000018001113c f   kernel32:KERNEL32.dll
 0001:00010142       UnhandledExceptionFilter   0000000180011142 f   kernel32:KERNEL32.dll
 0001:00010148       SetUnhandledExceptionFilter 0000000180011148 f   kernel32:KERNEL32.dll
 0001:0001014e       GetCurrentProcess          000000018001114e f   kernel32:KERNEL32.dll
 0001:00010154       TerminateProcess           0000000180011154 f   kernel32:KERNEL32.dll
 0001:0001015a       IsProcessorFeaturePresent  000000018001115a f   kernel32:KERNEL32.dll
 0001:00010160       QueryPerformanceCounter    0000000180011160 f   kernel32:KERNEL32.dll
 0001:00010166       GetCurrentProcessId        0000000180011166 f   kernel32:KERNEL32.dll
 0001:0001016c       GetCurrentThreadId         000000018001116c f   kernel32:KERNEL32.dll
 0001:00010172       GetSystemTimeAsFileTime    0000000180011172 f   kernel32:KERNEL32.dll
 0001:00010178       DisableThreadLibraryCalls  0000000180011178 f   kernel32:KERNEL32.dll
 0001:0001017e       InitializeSListHead        000000018001117e f   kernel32:KERNEL32.dll
 0001:00010184       IsDebuggerPresent          0000000180011184 f   kernel32:KERNEL32.dll
 0001:0001018a       GetStartupInfoW            000000018001118a f   kernel32:KERNEL32.dll
 0001:00010190       GetModuleHandleW           0000000180011190 f   kernel32:KERNEL32.dll
 0001:00010196       memcpy                     0000000180011196 f   vcruntime:VCRUNTIME140.dll
 0001:0001019c       __C_specific_handler       000000018001119c f   vcruntime:VCRUNTIME140.dll
 0001:000101a2       __std_type_info_destroy_list 00000001800111a2 f   vcruntime:VCRUNTIME140.dll
 0001:000101a8       __current_exception        00000001800111a8 f   vcruntime:VCRUNTIME140.dll
 0001:000101ae       __current_exception_context 00000001800111ae f   vcruntime:VCRUNTIME140.dll
 0001:000101b4       memset                     00000001800111b4 f   vcruntime:VCRUNTIME140.dll
 0001:000101ba       calloc                     00000001800111ba f   ucrt:api-ms-win-crt-heap-l1-1-0.dll
 0001:000101c0       free                       00000001800111c0 f   ucrt:api-ms-win-crt-heap-l1-1-0.dll
 0001:000101c6       _localtime64               00000001800111c6 f   ucrt:api-ms-win-crt-time-l1-1-0.dll
 0001:000101cc       _time64                    00000001800111cc f   ucrt:api-ms-win-crt-time-l1-1-0.dll
 0001:000101d2       strcmp                     00000001800111d2 f   ucrt:api-ms-win-crt-string-l1-1-0.dll
 0001:000101d8       strlen                     00000001800111d8 f   ucrt:api-ms-win-crt-string-l1-1-0.dll
 0001:000101de       __stdio_common_vsprintf    00000001800111de f   ucrt:api-ms-win-crt-stdio-l1-1-0.dll
 0001:000101e4       malloc                     00000001800111e4 f   ucrt:api-ms-win-crt-heap-l1-1-0.dll
 0001:000101ea       _initterm                  00000001800111ea f   ucrt:api-ms-win-crt-runtime-l1-1-0.dll
 0001:000101f0       _initterm_e                00000001800111f0 f   ucrt:api-ms-win-crt-runtime-l1-1-0.dll
 0001:000101f6       _seh_filter_dll            00000001800111f6 f   ucrt:api-ms-win-crt-runtime-l1-1-0.dll
 0001:000101fc       _configure_narrow_argv     00000001800111fc f   ucrt:api-ms-win-crt-runtime-l1-1-0.dll
 0001:00010202       _initialize_narrow_environment 0000000180011202 f   ucrt:api-ms-win-crt-runtime-l1-1-0.dll
 0001:00010208       _initialize_onexit_table   0000000180011208 f   ucrt:api-ms-win-crt-runtime-l1-1-0.dll
 0001:0001020e       _register_onexit_function  000000018001120e f   ucrt:api-ms-win-crt-runtime-l1-1-0.dll
 0001:00010214       _execute_onexit_table      0000000180011214 f   ucrt:api-ms-win-crt-runtime-l1-1-0.dll
 0001:0001021a       _crt_atexit                000000018001121a f   ucrt:api-ms-win-crt-runtime-l1-1-0.dll
 0001:00010220       _crt_at_quick_exit         0000000180011220 f   ucrt:api-ms-win-crt-runtime-l1-1-0.dll
 0001:00010226       _cexit                     0000000180011226 f   ucrt:api-ms-win-crt-runtime-l1-1-0.dll
 0001:0001022c       terminate                  000000018001122c f   ucrt:api-ms-win-crt-runtime-l1-1-0.dll
 0001:00010234       __acrt_initialize          0000000180011234 f   MSVCRT:ucrt_stubs.obj
 0001:00010234       __scrt_stub_for_acrt_initialize 0000000180011234 f   MSVCRT:ucrt_stubs.obj
 0001:00010234       __vcrt_initialize          0000000180011234 f   MSVCRT:ucrt_stubs.obj
 0001:00010238       __acrt_thread_attach       0000000180011238 f   MSVCRT:ucrt_stubs.obj
 0001:00010238       __scrt_stub_for_acrt_thread_attach 0000000180011238 f   MSVCRT:ucrt_stubs.obj
 0001:00010238       __vcrt_thread_attach       0000000180011238 f   MSVCRT:ucrt_stubs.obj
 0001:0001023c       __acrt_thread_detach       000000018001123c f   MSVCRT:ucrt_stubs.obj
 0001:0001023c       __scrt_stub_for_acrt_thread_detach 000000018001123c f   MSVCRT:ucrt_stubs.obj
 0001:0001023c       __vcrt_thread_detach       000000018001123c f   MSVCRT:ucrt_stubs.obj
 0001:00010240       __acrt_uninitialize        0000000180011240 f   MSVCRT:ucrt_stubs.obj
 0001:00010240       __scrt_stub_for_acrt_uninitialize 0000000180011240 f   MSVCRT:ucrt_stubs.obj
 0001:00010240       __vcrt_uninitialize        0000000180011240 f   MSVCRT:ucrt_stubs.obj
 0001:00010244       __acrt_uninitialize_critical 0000000180011244 f   MSVCRT:ucrt_stubs.obj
 0001:00010244       __scrt_stub_for_acrt_uninitialize_critical 0000000180011244 f   MSVCRT:ucrt_stubs.obj
 0001:00010244       __vcrt_uninitialize_critical 0000000180011244 f   MSVCRT:ucrt_stubs.obj
 0001:00010248       __scrt_stub_for_is_c_termination_complete 0000000180011248 f   MSVCRT:ucrt_stubs.obj
 0001:00010248       _is_c_termination_complete 0000000180011248 f   MSVCRT:ucrt_stubs.obj
 0001:00010260       _guard_dispatch_icall_nop  0000000180011260 f   MSVCRT:guard_dispatch.obj
 0001:00010280       _guard_xfg_dispatch_icall_nop 0000000180011280 f   MSVCRT:guard_xfg_dispatch.obj
 0002:00000000       __imp_GetModuleHandleW     0000000180012000     kernel32:KERNEL32.dll
 0002:00000008       __imp_GetStartupInfoW      0000000180012008     kernel32:KERNEL32.dll
 0002:00000010       __imp_IsDebuggerPresent    0000000180012010     kernel32:KERNEL32.dll
 0002:00000018       __imp_InitializeSListHead  0000000180012018     kernel32:KERNEL32.dll
 0002:00000020       __imp_DisableThreadLibraryCalls 0000000180012020     kernel32:KERNEL32.dll
 0002:00000028       __imp_GetSystemTimeAsFileTime 0000000180012028     kernel32:KERNEL32.dll
 0002:00000030       __imp_GetCurrentThreadId   0000000180012030     kernel32:KERNEL32.dll
 0002:00000038       __imp_GetCurrentProcessId  0000000180012038     kernel32:KERNEL32.dll
 0002:00000040       __imp_QueryPerformanceCounter 0000000180012040     kernel32:KERNEL32.dll
 0002:00000048       __imp_IsProcessorFeaturePresent 0000000180012048     kernel32:KERNEL32.dll
 0002:00000050       __imp_TerminateProcess     0000000180012050     kernel32:KERNEL32.dll
 0002:00000058       __imp_GetCurrentProcess    0000000180012058     kernel32:KERNEL32.dll
 0002:00000060       __imp_SetUnhandledExceptionFilter 0000000180012060     kernel32:KERNEL32.dll
 0002:00000068       __imp_UnhandledExceptionFilter 0000000180012068     kernel32:KERNEL32.dll
 0002:00000070       __imp_RtlVirtualUnwind     0000000180012070     kernel32:KERNEL32.dll
 0002:00000078       __imp_RtlLookupFunctionEntry 0000000180012078     kernel32:KERNEL32.dll
 0002:00000080       __imp_RtlCaptureContext    0000000180012080     kernel32:KERNEL32.dll
 0002:00000088       \177KERNEL32_NULL_THUNK_DATA 0000000180012088     kernel32:KERNEL32.dll
 0002:00000090       __imp_memcpy               0000000180012090     vcruntime:VCRUNTIME140.dll
 0002:00000098       __imp___C_specific_handler 0000000180012098     vcruntime:VCRUNTIME140.dll
 0002:000000a0       __imp___std_type_info_destroy_list 00000001800120a0     vcruntime:VCRUNTIME140.dll
 0002:000000a8       __imp___current_exception  00000001800120a8     vcruntime:VCRUNTIME140.dll
 0002:000000b0       __imp___current_exception_context 00000001800120b0     vcruntime:VCRUNTIME140.dll
 0002:000000b8       __imp_memset               00000001800120b8     vcruntime:VCRUNTIME140.dll
 0002:000000c0       \177VCRUNTIME140_NULL_THUNK_DATA 00000001800120c0     vcruntime:VCRUNTIME140.dll
 0002:000000c8       __imp_calloc               00000001800120c8     ucrt:api-ms-win-crt-heap-l1-1-0.dll
 0002:000000d0       __imp_malloc               00000001800120d0     ucrt:api-ms-win-crt-heap-l1-1-0.dll
 0002:000000d8       __imp_free                 00000001800120d8     ucrt:api-ms-win-crt-heap-l1-1-0.dll
 0002:000000e0       \177api-ms-win-crt-heap-l1-1-0_NULL_THUNK_DATA 00000001800120e0     ucrt:api-ms-win-crt-heap-l1-1-0.dll
 0002:000000e8       __imp__initialize_onexit_table 00000001800120e8     ucrt:api-ms-win-crt-runtime-l1-1-0.dll
 0002:000000f0       __imp__register_onexit_function 00000001800120f0     ucrt:api-ms-win-crt-runtime-l1-1-0.dll
 0002:000000f8       __imp__seh_filter_dll      00000001800120f8     ucrt:api-ms-win-crt-runtime-l1-1-0.dll
 0002:00000100       __imp__initterm_e          0000000180012100     ucrt:api-ms-win-crt-runtime-l1-1-0.dll
 0002:00000108       __imp__initterm            0000000180012108     ucrt:api-ms-win-crt-runtime-l1-1-0.dll
 0002:00000110       __imp__initialize_narrow_environment 0000000180012110     ucrt:api-ms-win-crt-runtime-l1-1-0.dll
 0002:00000118       __imp__configure_narrow_argv 0000000180012118     ucrt:api-ms-win-crt-runtime-l1-1-0.dll
 0002:00000120       __imp__crt_atexit          0000000180012120     ucrt:api-ms-win-crt-runtime-l1-1-0.dll
 0002:00000128       __imp__crt_at_quick_exit   0000000180012128     ucrt:api-ms-win-crt-runtime-l1-1-0.dll
 0002:00000130       __imp__cexit               0000000180012130     ucrt:api-ms-win-crt-runtime-l1-1-0.dll
 0002:00000138       __imp_terminate            0000000180012138     ucrt:api-ms-win-crt-runtime-l1-1-0.dll
 0002:00000140       __imp__execute_onexit_table 0000000180012140     ucrt:api-ms-win-crt-runtime-l1-1-0.dll
 0002:00000148       \177api-ms-win-crt-runtime-l1-1-0_NULL_THUNK_DATA 0000000180012148     ucrt:api-ms-win-crt-runtime-l1-1-0.dll
 0002:00000150       __imp___stdio_common_vsprintf 0000000180012150     ucrt:api-ms-win-crt-stdio-l1-1-0.dll
 0002:00000158       \177api-ms-win-crt-stdio-l1-1-0_NULL_THUNK_DATA 0000000180012158     ucrt:api-ms-win-crt-stdio-l1-1-0.dll
 0002:00000160       __imp_strcmp               0000000180012160     ucrt:api-ms-win-crt-string-l1-1-0.dll
 0002:00000168       __imp_strlen               0000000180012168     ucrt:api-ms-win-crt-string-l1-1-0.dll
 0002:00000170       \177api-ms-win-crt-string-l1-1-0_NULL_THUNK_DATA 0000000180012170     ucrt:api-ms-win-crt-string-l1-1-0.dll
 0002:00000178       __imp__time64              0000000180012178     ucrt:api-ms-win-crt-time-l1-1-0.dll
 0002:00000180       __imp__localtime64         0000000180012180     ucrt:api-ms-win-crt-time-l1-1-0.dll
 0002:00000188       \177api-ms-win-crt-time-l1-1-0_NULL_THUNK_DATA 0000000180012188     ucrt:api-ms-win-crt-time-l1-1-0.dll
 0002:00000190       __imp_emlrtLicenseCheckR2022a 0000000180012190     libemlrt:libemlrt.dll
 0002:00000198       __imp_emlrtInitCharArrayR2013a 0000000180012198     libemlrt:libemlrt.dll
 0002:000001a0       __imp_emlrtCallMATLABR2012b 00000001800121a0     libemlrt:libemlrt.dll
 0002:000001a8       __imp_emlrtCreateCharArray 00000001800121a8     libemlrt:libemlrt.dll
 0002:000001b0       __imp_emlrtAssign          00000001800121b0     libemlrt:libemlrt.dll
 0002:000001b8       __imp_emlrtErrorWithMessageIdR2018a 00000001800121b8     libemlrt:libemlrt.dll
 0002:000001c0       \177libemlrt_NULL_THUNK_DATA 00000001800121c0     libemlrt:libemlrt.dll
 0002:000001c8       __imp_mexUnlock_800        00000001800121c8     libmex:libmex.dll
 0002:000001d0       __imp_mexWarnMsgTxt_800    00000001800121d0     libmex:libmex.dll
 0002:000001d8       __imp_mexIsLocked_800      00000001800121d8     libmex:libmex.dll
 0002:000001e0       __imp_mexCallMATLAB_800    00000001800121e0     libmex:libmex.dll
 0002:000001e8       __imp_mexPrintf_800        00000001800121e8     libmex:libmex.dll
 0002:000001f0       \177libmex_NULL_THUNK_DATA 00000001800121f0     libmex:libmex.dll
 0002:000001f8       __imp_cgxertGetEMLRTCtx    00000001800121f8     libmwcgxert:libmwcgxert.dll
 0002:00000200       __imp_cgxertSetRuntimeInstance 0000000180012200     libmwcgxert:libmwcgxert.dll
 0002:00000208       __imp_cgxertGetRuntimeInstance 0000000180012208     libmwcgxert:libmwcgxert.dll
 0002:00000210       __imp_cgxertGetOutputPortSignal 0000000180012210     libmwcgxert:libmwcgxert.dll
 0002:00000218       __imp_cgxertGetInputPortSignal 0000000180012218     libmwcgxert:libmwcgxert.dll
 0002:00000220       __imp_cgxertSetGcb         0000000180012220     libmwcgxert:libmwcgxert.dll
 0002:00000228       __imp_cgxertRestoreGcb     0000000180012228     libmwcgxert:libmwcgxert.dll
 0002:00000230       __imp_cgxertSetSimStateCompliance 0000000180012230     libmwcgxert:libmwcgxert.dll
 0002:00000238       \177libmwcgxert_NULL_THUNK_DATA 0000000180012238     libmwcgxert:libmwcgxert.dll
 0002:00000240       __imp_muDoubleScalarCeil   0000000180012240     libmwmathutil:libmwmathutil.dll
 0002:00000248       __imp_muDoubleScalarIsInf  0000000180012248     libmwmathutil:libmwmathutil.dll
 0002:00000250       __imp_muDoubleScalarIsNaN  0000000180012250     libmwmathutil:libmwmathutil.dll
 0002:00000258       __imp_muDoubleScalarRem    0000000180012258     libmwmathutil:libmwmathutil.dll
 0002:00000260       __imp_muDoubleScalarSqrt   0000000180012260     libmwmathutil:libmwmathutil.dll
 0002:00000268       __imp_muDoubleScalarLog    0000000180012268     libmwmathutil:libmwmathutil.dll
 0002:00000270       __imp_muDoubleScalarExp    0000000180012270     libmwmathutil:libmwmathutil.dll
 0002:00000278       __imp_muDoubleScalarRound  0000000180012278     libmwmathutil:libmwmathutil.dll
 0002:00000280       __imp_muDoubleScalarFloor  0000000180012280     libmwmathutil:libmwmathutil.dll
 0002:00000288       __imp_muDoubleScalarAbs    0000000180012288     libmwmathutil:libmwmathutil.dll
 0002:00000290       \177libmwmathutil_NULL_THUNK_DATA 0000000180012290     libmwmathutil:libmwmathutil.dll
 0002:00000298       __imp_mxSetCell_800        0000000180012298     libmx:libmx.dll
 0002:000002a0       __imp_mxGetString_800      00000001800122a0     libmx:libmx.dll
 0002:000002a8       __imp_mxCreateDoubleScalar_800 00000001800122a8     libmx:libmx.dll
 0002:000002b0       __imp_mxCreateNumericMatrix_800 00000001800122b0     libmx:libmx.dll
 0002:000002b8       __imp_mxSetField_800       00000001800122b8     libmx:libmx.dll
 0002:000002c0       __imp_mxGetN_800           00000001800122c0     libmx:libmx.dll
 0002:000002c8       __imp_mxIsComplex_800      00000001800122c8     libmx:libmx.dll
 0002:000002d0       __imp_mxIsChar_800         00000001800122d0     libmx:libmx.dll
 0002:000002d8       __imp_mxIsNumeric_800      00000001800122d8     libmx:libmx.dll
 0002:000002e0       __imp_mxGetData_800        00000001800122e0     libmx:libmx.dll
 0002:000002e8       __imp_mxGetClassID_800     00000001800122e8     libmx:libmx.dll
 0002:000002f0       __imp_mxGetM_800           00000001800122f0     libmx:libmx.dll
 0002:000002f8       __imp_mxCalloc_800         00000001800122f8     libmx:libmx.dll
 0002:00000300       __imp_mxGetNaN_800         0000000180012300     libmx:libmx.dll
 0002:00000308       __imp_mxCreateStructMatrix_800 0000000180012308     libmx:libmx.dll
 0002:00000310       __imp_mxCreateCellMatrix_800 0000000180012310     libmx:libmx.dll
 0002:00000318       __imp_mxCreateString_800   0000000180012318     libmx:libmx.dll
 0002:00000320       __imp_mxCreateDoubleMatrix_800 0000000180012320     libmx:libmx.dll
 0002:00000328       __imp_mxSetFieldByNumber_800 0000000180012328     libmx:libmx.dll
 0002:00000330       __imp_mxGetPr_800          0000000180012330     libmx:libmx.dll
 0002:00000338       \177libmx_NULL_THUNK_DATA  0000000180012338     libmx:libmx.dll
 0002:00000340       __guard_check_icall_fptr   0000000180012340     MSVCRT:guard_support.obj
 0002:00000348       __guard_xfg_check_icall_fptr 0000000180012348     MSVCRT:guard_support.obj
 0002:00000350       __guard_dispatch_icall_fptr 0000000180012350     MSVCRT:guard_support.obj
 0002:00000358       __guard_xfg_dispatch_icall_fptr 0000000180012358     MSVCRT:guard_support.obj
 0002:00000360       __guard_xfg_table_dispatch_icall_fptr 0000000180012360     MSVCRT:guard_support.obj
 0002:00000368       __castguard_check_failure_os_handled_fptr 0000000180012368     MSVCRT:guard_support.obj
 0002:00000370       __guard_memcpy_fptr        0000000180012370     vcruntime:softmemtag.obj
 0002:00000378       __xc_a                     0000000180012378     MSVCRT:initializers.obj
 0002:00000380       __xc_z                     0000000180012380     MSVCRT:initializers.obj
 0002:00000388       __xi_a                     0000000180012388     MSVCRT:initializers.obj
 0002:00000390       __xi_z                     0000000180012390     MSVCRT:initializers.obj
 0002:00000398       __xp_a                     0000000180012398     MSVCRT:initializers.obj
 0002:000003a0       __xp_z                     00000001800123a0     MSVCRT:initializers.obj
 0002:000003a8       __xt_a                     00000001800123a8     MSVCRT:initializers.obj
 0002:000003b0       __xt_z                     00000001800123b0     MSVCRT:initializers.obj
 0002:000004d8       __real@0000000000000000    00000001800124d8     m_Kwnlh4DDKo0d1E3PVche9F.obj
 0002:000004e0       __real@3ca0000000000000    00000001800124e0     m_Kwnlh4DDKo0d1E3PVche9F.obj
 0002:000004e8       __real@3cb0000000000000    00000001800124e8     m_Kwnlh4DDKo0d1E3PVche9F.obj
 0002:000004f0       __real@3ce269bff1f8c190    00000001800124f0     m_Kwnlh4DDKo0d1E3PVche9F.obj
 0002:000004f8       __real@3defffffffffffff    00000001800124f8     m_Kwnlh4DDKo0d1E3PVche9F.obj
 0002:00000500       __real@3e00000000200000    0000000180012500     m_Kwnlh4DDKo0d1E3PVche9F.obj
 0002:00000508       __real@3e120d3f686439e4    0000000180012508     m_Kwnlh4DDKo0d1E3PVche9F.obj
 0002:00000510       __real@3e831446f740b9e0    0000000180012510     m_Kwnlh4DDKo0d1E3PVche9F.obj
 0002:00000518       __real@3e8afb74d693bf93    0000000180012518     m_Kwnlh4DDKo0d1E3PVche9F.obj
 0002:00000520       __real@3ee4f8b588e368f1    0000000180012520     m_Kwnlh4DDKo0d1E3PVche9F.obj
 0002:00000528       __real@3ef35c2c496374bf    0000000180012528     m_Kwnlh4DDKo0d1E3PVche9F.obj
 0002:00000530       __real@3efc6ec6cc59e02a    0000000180012530     m_Kwnlh4DDKo0d1E3PVche9F.obj
 0002:00000538       __real@3f41f18cbfdf2728    0000000180012538     m_Kwnlh4DDKo0d1E3PVche9F.obj
 0002:00000540       __real@3f49615ac0b7ace9    0000000180012540     m_Kwnlh4DDKo0d1E3PVche9F.obj
 0002:00000548       __real@3f49c8bc979dc5d7    0000000180012548     m_Kwnlh4DDKo0d1E3PVche9F.obj
 0002:00000550       __real@3f545c1908425345    0000000180012550     m_Kwnlh4DDKo0d1E3PVche9F.obj
 0002:00000558       __real@3f8e76f93215462a    0000000180012558     m_Kwnlh4DDKo0d1E3PVche9F.obj
 0002:00000560       __real@3f8f207a7eab17bf    0000000180012560     m_Kwnlh4DDKo0d1E3PVche9F.obj
 0002:00000568       __real@3f9744eb6c45ec67    0000000180012568     m_Kwnlh4DDKo0d1E3PVche9F.obj
 0002:00000570       __real@3f9b2b41193b4ee7    0000000180012570     m_Kwnlh4DDKo0d1E3PVche9F.obj
 0002:00000578       __real@3fc186eb183443fb    0000000180012578     m_Kwnlh4DDKo0d1E3PVche9F.obj
 0002:00000580       __real@3fc2f5123394f040    0000000180012580     m_Kwnlh4DDKo0d1E3PVche9F.obj
 0002:00000588       __real@3fc71eb851eb851f    0000000180012588     m_Kwnlh4DDKo0d1E3PVche9F.obj
 0002:00000590       __real@3fcef2abb9b85c37    0000000180012590     m_Kwnlh4DDKo0d1E3PVche9F.obj
 0002:00000598       __real@3fd183aa6c20e8bc    0000000180012598     m_Kwnlh4DDKo0d1E3PVche9F.obj
 0002:000005a0       __real@3fd2fad9315255cf    00000001800125a0     m_Kwnlh4DDKo0d1E3PVche9F.obj
 0002:000005a8       __real@3fdb333333333333    00000001800125a8     m_Kwnlh4DDKo0d1E3PVche9F.obj
 0002:000005b0       __real@3fe0000000000000    00000001800125b0     m_Kwnlh4DDKo0d1E3PVche9F.obj
 0002:000005b8       __real@3fe331d34fc7d77f    00000001800125b8     m_Kwnlh4DDKo0d1E3PVche9F.obj
 0002:000005c0       __real@3fe61292f23385c9    00000001800125c0     m_Kwnlh4DDKo0d1E3PVche9F.obj
 0002:000005c8       __real@3ff0000000000000    00000001800125c8     m_Kwnlh4DDKo0d1E3PVche9F.obj
 0002:000005d0       __real@3ff453cc085375b2    00000001800125d0     m_Kwnlh4DDKo0d1E3PVche9F.obj
 0002:000005d8       __real@3ff6c665fde9526a    00000001800125d8     m_Kwnlh4DDKo0d1E3PVche9F.obj
 0002:000005e0       __real@3ff999999999999a    00000001800125e0     m_Kwnlh4DDKo0d1E3PVche9F.obj
 0002:000005e8       __real@3ffad278e6526633    00000001800125e8     m_Kwnlh4DDKo0d1E3PVche9F.obj
 0002:000005f0       __real@3ffc8ea6461fa445    00000001800125f0     m_Kwnlh4DDKo0d1E3PVche9F.obj
 0002:000005f8       __real@4000000000000000    00000001800125f8     m_Kwnlh4DDKo0d1E3PVche9F.obj
 0002:00000600       __real@40006cefbb46a449    0000000180012600     m_Kwnlh4DDKo0d1E3PVche9F.obj
 0002:00000608       __real@400b18d91e9eef75    0000000180012608     m_Kwnlh4DDKo0d1E3PVche9F.obj
 0002:00000610       __real@400d2ecb1a3d02c4    0000000180012610     m_Kwnlh4DDKo0d1E3PVche9F.obj
 0002:00000618       __real@400d3bb48209ad36    0000000180012618     m_Kwnlh4DDKo0d1E3PVche9F.obj
 0002:00000620       __real@4010000000000000    0000000180012620     m_Kwnlh4DDKo0d1E3PVche9F.obj
 0002:00000628       __real@4012857748cab19b    0000000180012628     m_Kwnlh4DDKo0d1E3PVche9F.obj
 0002:00000630       __real@4014000000000000    0000000180012630     m_Kwnlh4DDKo0d1E3PVche9F.obj
 0002:00000638       __real@4015daea6e875003    0000000180012638     m_Kwnlh4DDKo0d1E3PVche9F.obj
 0002:00000640       __real@401713f71462256a    0000000180012640     m_Kwnlh4DDKo0d1E3PVche9F.obj
 0002:00000648       __real@401aa1b1c13ee526    0000000180012648     m_Kwnlh4DDKo0d1E3PVche9F.obj
 0002:00000650       __real@4024000000000000    0000000180012650     m_Kwnlh4DDKo0d1E3PVche9F.obj
 0002:00000658       __real@4045281b386e1ab5    0000000180012658     m_Kwnlh4DDKo0d1E3PVche9F.obj
 0002:00000660       __real@404e000000000000    0000000180012660     m_Kwnlh4DDKo0d1E3PVche9F.obj
 0002:00000668       __real@4059000000000000    0000000180012668     m_Kwnlh4DDKo0d1E3PVche9F.obj
 0002:00000670       __real@4060a4888b1a436e    0000000180012670     m_Kwnlh4DDKo0d1E3PVche9F.obj
 0002:00000678       __real@4070000000000000    0000000180012678     m_Kwnlh4DDKo0d1E3PVche9F.obj
 0002:00000680       __real@4076d00000000000    0000000180012680     m_Kwnlh4DDKo0d1E3PVche9F.obj
 0002:00000688       __real@4079000000000000    0000000180012688     m_Kwnlh4DDKo0d1E3PVche9F.obj
 0002:00000690       __real@4085797efdc8b3f7    0000000180012690     m_Kwnlh4DDKo0d1E3PVche9F.obj
 0002:00000698       __real@409ece5d2213c0cc    0000000180012698     m_Kwnlh4DDKo0d1E3PVche9F.obj
 0002:000006a0       __real@40a39a296f7d925e    00000001800126a0     m_Kwnlh4DDKo0d1E3PVche9F.obj
 0002:000006a8       __real@40ac200000000000    00000001800126a8     m_Kwnlh4DDKo0d1E3PVche9F.obj
 0002:000006b0       __real@40b46a7eca984b69    00000001800126b0     m_Kwnlh4DDKo0d1E3PVche9F.obj
 0002:000006b8       __real@40b512322e75c89f    00000001800126b8     m_Kwnlh4DDKo0d1E3PVche9F.obj
 0002:000006c0       __real@40cad1d8cd4ee71d    00000001800126c0     m_Kwnlh4DDKo0d1E3PVche9F.obj
 0002:000006c8       __real@40d4b772d5d65266    00000001800126c8     m_Kwnlh4DDKo0d1E3PVche9F.obj
 0002:000006d0       __real@40dc0e457cb1ae76    00000001800126d0     m_Kwnlh4DDKo0d1E3PVche9F.obj
 0002:000006d8       __real@40e052d26b2e45e4    00000001800126d8     m_Kwnlh4DDKo0d1E3PVche9F.obj
 0002:000006e0       __real@40e3317caa64f4be    00000001800126e0     m_Kwnlh4DDKo0d1E3PVche9F.obj
 0002:000006e8       __real@40e66c3e869b752a    00000001800126e8     m_Kwnlh4DDKo0d1E3PVche9F.obj
 0002:000006f0       __real@40efffe000000000    00000001800126f0     m_Kwnlh4DDKo0d1E3PVche9F.obj
 0002:000006f8       __real@40f06c1c55b78f20    00000001800126f8     m_Kwnlh4DDKo0d1E3PVche9F.obj
 0002:00000700       __real@40f5180000000000    0000000180012700     m_Kwnlh4DDKo0d1E3PVche9F.obj
 0002:00000708       __real@41607ac000000000    0000000180012708     m_Kwnlh4DDKo0d1E3PVche9F.obj
 0002:00000710       __real@4170000000000000    0000000180012710     m_Kwnlh4DDKo0d1E3PVche9F.obj
 0002:00000718       __real@4190000000000000    0000000180012718     m_Kwnlh4DDKo0d1E3PVche9F.obj
 0002:00000720       __real@41dfffffffc00000    0000000180012720     m_Kwnlh4DDKo0d1E3PVche9F.obj
 0002:00000728       __real@41f0000000000000    0000000180012728     m_Kwnlh4DDKo0d1E3PVche9F.obj
 0002:00000730       __real@bfe0000000000000    0000000180012730     m_Kwnlh4DDKo0d1E3PVche9F.obj
 0002:00000738       __real@bff0000000000000    0000000180012738     m_Kwnlh4DDKo0d1E3PVche9F.obj
 0002:00000740       __real@c000000000000000    0000000180012740     m_Kwnlh4DDKo0d1E3PVche9F.obj
 0002:00000750       __xmm@80000000000000008000000000000000 0000000180012750     m_Kwnlh4DDKo0d1E3PVche9F.obj
 0002:00000760       DYNAMIC_DIMENSION_DEF      0000000180012760     MVDRBeamformerHDL_cgxe_registry.obj
 0002:00000778       __real@41602cbca0000000    0000000180012778     MVDRBeamformerHDL_cgxe_registry.obj
 0002:00000780       __real@41b4f55e40000000    0000000180012780     MVDRBeamformerHDL_cgxe_registry.obj
 0002:00000788       __real@41c209de36800000    0000000180012788     MVDRBeamformerHDL_cgxe_registry.obj
 0002:00000790       __real@41d16eb33a400000    0000000180012790     MVDRBeamformerHDL_cgxe_registry.obj
 0002:00000798       __real@41db2f2213400000    0000000180012798     MVDRBeamformerHDL_cgxe_registry.obj
 0002:000007a0       __real@41dc67f553c00000    00000001800127a0     MVDRBeamformerHDL_cgxe_registry.obj
 0002:000007a8       __real@41e00b1a7de00000    00000001800127a8     MVDRBeamformerHDL_cgxe_registry.obj
 0002:000007b0       __real@41e13401bfc00000    00000001800127b0     MVDRBeamformerHDL_cgxe_registry.obj
 0002:000007b8       __real@41e2069ed9a00000    00000001800127b8     MVDRBeamformerHDL_cgxe_registry.obj
 0002:000007c0       __real@41e4f8d91e800000    00000001800127c0     MVDRBeamformerHDL_cgxe_registry.obj
 0002:000007c8       __real@41e5b0b712600000    00000001800127c8     MVDRBeamformerHDL_cgxe_registry.obj
 0002:000007d0       __real@41e86378f0600000    00000001800127d0     MVDRBeamformerHDL_cgxe_registry.obj
 0002:000007d8       __real@41e9d291d7400000    00000001800127d8     MVDRBeamformerHDL_cgxe_registry.obj
 0002:000007e0       __real@41ebcda4ec800000    00000001800127e0     MVDRBeamformerHDL_cgxe_registry.obj
 0002:000007e8       __real@41ec726817600000    00000001800127e8     MVDRBeamformerHDL_cgxe_registry.obj
 0002:000007f0       __real@41edc68e49800000    00000001800127f0     MVDRBeamformerHDL_cgxe_registry.obj
 0002:000007f8       __real@41eeb2e194600000    00000001800127f8     MVDRBeamformerHDL_cgxe_registry.obj
 0002:00000810       _pDefaultRawDllMain        0000000180012810     MSVCRT:dll_dllmain.obj
 0002:00000810       _pRawDllMain               0000000180012810     MSVCRT:dll_dllmain.obj
 0002:00000820       __xmm@ffffffffffffffffffffffffffffffff 0000000180012820     MSVCRT:utility.obj
 0002:00000830       _load_config_used          0000000180012830     MSVCRT:loadcfg.obj
 0002:00000a00       __CastGuardVftablesStart   0000000180012a00     MSVCRT:guard_support.obj
 0002:00000a80       __CastGuardVftablesEnd     0000000180012a80     MSVCRT:guard_support.obj
 0002:00000b00       __volatile_metadata        0000000180012b00     <linker-defined>
 0002:00000ef8       __rtc_iaa                  0000000180012ef8     MSVCRT:initsect.obj
 0002:00000f00       __rtc_izz                  0000000180012f00     MSVCRT:initsect.obj
 0002:00000f08       __rtc_taa                  0000000180012f08     MSVCRT:initsect.obj
 0002:00000f10       __rtc_tzz                  0000000180012f10     MSVCRT:initsect.obj
 0002:00001850       __IMPORT_DESCRIPTOR_libmx  0000000180013850     libmx:libmx.dll
 0002:00001864       __IMPORT_DESCRIPTOR_libmex 0000000180013864     libmex:libmex.dll
 0002:00001878       __IMPORT_DESCRIPTOR_libmwmathutil 0000000180013878     libmwmathutil:libmwmathutil.dll
 0002:0000188c       __IMPORT_DESCRIPTOR_libemlrt 000000018001388c     libemlrt:libemlrt.dll
 0002:000018a0       __IMPORT_DESCRIPTOR_libmwcgxert 00000001800138a0     libmwcgxert:libmwcgxert.dll
 0002:000018b4       __IMPORT_DESCRIPTOR_KERNEL32 00000001800138b4     kernel32:KERNEL32.dll
 0002:000018c8       __IMPORT_DESCRIPTOR_VCRUNTIME140 00000001800138c8     vcruntime:VCRUNTIME140.dll
 0002:000018dc       __IMPORT_DESCRIPTOR_api-ms-win-crt-heap-l1-1-0 00000001800138dc     ucrt:api-ms-win-crt-heap-l1-1-0.dll
 0002:000018f0       __IMPORT_DESCRIPTOR_api-ms-win-crt-time-l1-1-0 00000001800138f0     ucrt:api-ms-win-crt-time-l1-1-0.dll
 0002:00001904       __IMPORT_DESCRIPTOR_api-ms-win-crt-string-l1-1-0 0000000180013904     ucrt:api-ms-win-crt-string-l1-1-0.dll
 0002:00001918       __IMPORT_DESCRIPTOR_api-ms-win-crt-stdio-l1-1-0 0000000180013918     ucrt:api-ms-win-crt-stdio-l1-1-0.dll
 0002:0000192c       __IMPORT_DESCRIPTOR_api-ms-win-crt-runtime-l1-1-0 000000018001392c     ucrt:api-ms-win-crt-runtime-l1-1-0.dll
 0002:00001940       __NULL_IMPORT_DESCRIPTOR   0000000180013940     libmx:libmx.dll
 0003:00005900       DYNAMIC_DIMENSION          000000018001a900     MVDRBeamformerHDL_cgxe_registry.obj
 0003:00007b40       __security_cookie_complement 000000018001cb40     MSVCRT:gs_cookie.obj
 0003:00007b48       __security_cookie          000000018001cb48     MSVCRT:gs_cookie.obj
 0003:00007b50       _fltused                   000000018001cb50     MSVCRT:fltused.obj
 0003:00007b54       __scrt_native_dllmain_reason 000000018001cb54     MSVCRT:utility.obj
 0003:00007b58       __isa_available            000000018001cb58     MSVCRT:cpu_disp.obj
 0003:00007b5c       __isa_enabled              000000018001cb5c     MSVCRT:cpu_disp.obj
 0003:00007b60       __memset_fast_string_threshold 000000018001cb60     MSVCRT:cpu_disp.obj
 0003:00007b68       __memset_nt_threshold      000000018001cb68     MSVCRT:cpu_disp.obj
 0003:00007b70       __scrt_ucrt_dll_is_in_use  000000018001cb70     MSVCRT:ucrt_stubs.obj
 0003:00008110       ?__type_info_root_node@@3U__type_info_node@@A 000000018001d110     MSVCRT:tncleanup.obj
 0003:00008120       ?_OptionsStorage@?1??__local_stdio_printf_options@@9@4_KA 000000018001d120     MSVCRT:default_local_stdio_options.obj
 0003:00008128       ?_OptionsStorage@?1??__local_stdio_scanf_options@@9@4_KA 000000018001d128     MSVCRT:default_local_stdio_options.obj
 0003:00008130       __scrt_current_native_startup_state 000000018001d130     MSVCRT:utility.obj
 0003:00008138       __scrt_native_startup_lock 000000018001d138     MSVCRT:utility.obj
 0003:00008178       __scrt_debugger_hook_flag  000000018001d178     MSVCRT:utility_desktop.obj
 0003:00008180       __castguard_check_failure_user_handled_fptr 000000018001d180     MSVCRT:guard_support.obj
 0003:00008188       __favor                    000000018001d188     MSVCRT:cpu_disp.obj
 0003:00008190       ?_OptionsStorage@?1??__local_stdio_printf_options@@9@9 000000018001d190     <common>
 0003:00008198       __dyn_tls_init_callback    000000018001d198     <common>

 entry point at        0001:0000f414

 Static symbols

 0000:00000000       .debug$S                   0000000180000000     MVDRBeamformerHDL_cgxe.exp
 0000:00000000       _volmd                     0000000180000000     MVDRBeamformerHDL_cgxe_registry.obj
 0000:00000000       _volmd                     0000000180000000     m_Kwnlh4DDKo0d1E3PVche9F.obj
 0000:00000000       .debug$S                   0000000180000000     ucrt:api-ms-win-crt-heap-l1-1-0.dll
 0000:00000000       .debug$S                   0000000180000000     ucrt:api-ms-win-crt-heap-l1-1-0.dll
 0000:00000000       .debug$S                   0000000180000000     ucrt:api-ms-win-crt-heap-l1-1-0.dll
 0000:00000000       .debug$S                   0000000180000000     ucrt:api-ms-win-crt-runtime-l1-1-0.dll
 0000:00000000       .debug$S                   0000000180000000     ucrt:api-ms-win-crt-runtime-l1-1-0.dll
 0000:00000000       .debug$S                   0000000180000000     ucrt:api-ms-win-crt-runtime-l1-1-0.dll
 0000:00000000       .debug$S                   0000000180000000     ucrt:api-ms-win-crt-runtime-l1-1-0.dll
 0000:00000000       .debug$S                   0000000180000000     ucrt:api-ms-win-crt-runtime-l1-1-0.dll
 0000:00000000       .debug$S                   0000000180000000     ucrt:api-ms-win-crt-runtime-l1-1-0.dll
 0000:00000000       .debug$S                   0000000180000000     ucrt:api-ms-win-crt-runtime-l1-1-0.dll
 0000:00000000       .debug$S                   0000000180000000     ucrt:api-ms-win-crt-runtime-l1-1-0.dll
 0000:00000000       .debug$S                   0000000180000000     ucrt:api-ms-win-crt-runtime-l1-1-0.dll
 0000:00000000       .debug$S                   0000000180000000     ucrt:api-ms-win-crt-runtime-l1-1-0.dll
 0000:00000000       .debug$S                   0000000180000000     ucrt:api-ms-win-crt-runtime-l1-1-0.dll
 0000:00000000       .debug$S                   0000000180000000     ucrt:api-ms-win-crt-runtime-l1-1-0.dll
 0000:00000000       .debug$S                   0000000180000000     ucrt:api-ms-win-crt-stdio-l1-1-0.dll
 0000:00000000       .debug$S                   0000000180000000     ucrt:api-ms-win-crt-string-l1-1-0.dll
 0000:00000000       .debug$S                   0000000180000000     ucrt:api-ms-win-crt-string-l1-1-0.dll
 0000:00000000       .debug$S                   0000000180000000     ucrt:api-ms-win-crt-time-l1-1-0.dll
 0000:00000000       .debug$S                   0000000180000000     ucrt:api-ms-win-crt-time-l1-1-0.dll
 0000:00000000       .debug$S                   0000000180000000     kernel32:KERNEL32.dll
 0000:00000000       .debug$S                   0000000180000000     kernel32:KERNEL32.dll
 0000:00000000       .debug$S                   0000000180000000     kernel32:KERNEL32.dll
 0000:00000000       .debug$S                   0000000180000000     kernel32:KERNEL32.dll
 0000:00000000       .debug$S                   0000000180000000     kernel32:KERNEL32.dll
 0000:00000000       .debug$S                   0000000180000000     kernel32:KERNEL32.dll
 0000:00000000       .debug$S                   0000000180000000     kernel32:KERNEL32.dll
 0000:00000000       .debug$S                   0000000180000000     kernel32:KERNEL32.dll
 0000:00000000       .debug$S                   0000000180000000     kernel32:KERNEL32.dll
 0000:00000000       .debug$S                   0000000180000000     kernel32:KERNEL32.dll
 0000:00000000       .debug$S                   0000000180000000     kernel32:KERNEL32.dll
 0000:00000000       .debug$S                   0000000180000000     kernel32:KERNEL32.dll
 0000:00000000       .debug$S                   0000000180000000     kernel32:KERNEL32.dll
 0000:00000000       .debug$S                   0000000180000000     kernel32:KERNEL32.dll
 0000:00000000       .debug$S                   0000000180000000     kernel32:KERNEL32.dll
 0000:00000000       .debug$S                   0000000180000000     kernel32:KERNEL32.dll
 0000:00000000       .debug$S                   0000000180000000     kernel32:KERNEL32.dll
 0000:00000000       .debug$S                   0000000180000000     libemlrt:libemlrt.dll
 0000:00000000       .debug$S                   0000000180000000     libemlrt:libemlrt.dll
 0000:00000000       .debug$S                   0000000180000000     libemlrt:libemlrt.dll
 0000:00000000       .debug$S                   0000000180000000     libemlrt:libemlrt.dll
 0000:00000000       .debug$S                   0000000180000000     libemlrt:libemlrt.dll
 0000:00000000       .debug$S                   0000000180000000     libemlrt:libemlrt.dll
 0000:00000000       .debug$S                   0000000180000000     libmex:libmex.dll
 0000:00000000       .debug$S                   0000000180000000     libmex:libmex.dll
 0000:00000000       .debug$S                   0000000180000000     libmex:libmex.dll
 0000:00000000       .debug$S                   0000000180000000     libmex:libmex.dll
 0000:00000000       .debug$S                   0000000180000000     libmex:libmex.dll
 0000:00000000       .debug$S                   0000000180000000     libmwcgxert:libmwcgxert.dll
 0000:00000000       .debug$S                   0000000180000000     libmwcgxert:libmwcgxert.dll
 0000:00000000       .debug$S                   0000000180000000     libmwcgxert:libmwcgxert.dll
 0000:00000000       .debug$S                   0000000180000000     libmwcgxert:libmwcgxert.dll
 0000:00000000       .debug$S                   0000000180000000     libmwcgxert:libmwcgxert.dll
 0000:00000000       .debug$S                   0000000180000000     libmwcgxert:libmwcgxert.dll
 0000:00000000       .debug$S                   0000000180000000     libmwcgxert:libmwcgxert.dll
 0000:00000000       .debug$S                   0000000180000000     libmwcgxert:libmwcgxert.dll
 0000:00000000       .debug$S                   0000000180000000     libmwmathutil:libmwmathutil.dll
 0000:00000000       .debug$S                   0000000180000000     libmwmathutil:libmwmathutil.dll
 0000:00000000       .debug$S                   0000000180000000     libmwmathutil:libmwmathutil.dll
 0000:00000000       .debug$S                   0000000180000000     libmwmathutil:libmwmathutil.dll
 0000:00000000       .debug$S                   0000000180000000     libmwmathutil:libmwmathutil.dll
 0000:00000000       .debug$S                   0000000180000000     libmwmathutil:libmwmathutil.dll
 0000:00000000       .debug$S                   0000000180000000     libmwmathutil:libmwmathutil.dll
 0000:00000000       .debug$S                   0000000180000000     libmwmathutil:libmwmathutil.dll
 0000:00000000       .debug$S                   0000000180000000     libmwmathutil:libmwmathutil.dll
 0000:00000000       .debug$S                   0000000180000000     libmwmathutil:libmwmathutil.dll
 0000:00000000       .debug$S                   0000000180000000     libmx:libmx.dll
 0000:00000000       .debug$S                   0000000180000000     libmx:libmx.dll
 0000:00000000       .debug$S                   0000000180000000     libmx:libmx.dll
 0000:00000000       .debug$S                   0000000180000000     libmx:libmx.dll
 0000:00000000       .debug$S                   0000000180000000     libmx:libmx.dll
 0000:00000000       .debug$S                   0000000180000000     libmx:libmx.dll
 0000:00000000       .debug$S                   0000000180000000     libmx:libmx.dll
 0000:00000000       .debug$S                   0000000180000000     libmx:libmx.dll
 0000:00000000       .debug$S                   0000000180000000     libmx:libmx.dll
 0000:00000000       .debug$S                   0000000180000000     libmx:libmx.dll
 0000:00000000       .debug$S                   0000000180000000     libmx:libmx.dll
 0000:00000000       .debug$S                   0000000180000000     libmx:libmx.dll
 0000:00000000       .debug$S                   0000000180000000     libmx:libmx.dll
 0000:00000000       .debug$S                   0000000180000000     libmx:libmx.dll
 0000:00000000       .debug$S                   0000000180000000     libmx:libmx.dll
 0000:00000000       .debug$S                   0000000180000000     libmx:libmx.dll
 0000:00000000       .debug$S                   0000000180000000     libmx:libmx.dll
 0000:00000000       .debug$S                   0000000180000000     libmx:libmx.dll
 0000:00000000       .debug$S                   0000000180000000     libmx:libmx.dll
 0000:00000000       .debug$S                   0000000180000000     libmx:libmx.dll
 0000:00000000       _volmd                     0000000180000000     MSVCRT:cpu_disp.obj
 0002:fffee000       __guard_ehcont_?dllmain_dispatch@@YAHQEAUHINSTANCE__@@KQEAX@Z 0000000180000000     MSVCRT:dll_dllmain.obj
 0002:fffee000       __guard_fids_?dllmain_dispatch@@YAHQEAUHINSTANCE__@@KQEAX@Z 0000000180000000     MSVCRT:dll_dllmain.obj
 0000:00000000       _volmd                     0000000180000000     MSVCRT:gs_report.obj
 0000:00000000       _volmd                     0000000180000000     MSVCRT:gs_report.obj
 0000:00000000       _volmd                     0000000180000000     MSVCRT:gs_report.obj
 0002:fffee000       __guard_fids__             0000000180000000     MSVCRT:guard_support.obj
 0002:fffee000       __guard_fids__             0000000180000000     MSVCRT:guard_support.obj
 0002:fffee000       __guard_fids__guard_icall_checks_enforced 0000000180000000     MSVCRT:guard_support.obj
 0000:00000000       _volmd                     0000000180000000     MSVCRT:guard_support.obj
 0000:00000000       _volmd                     0000000180000000     MSVCRT:guard_support.obj
 0000:00000000       _volmd                     0000000180000000     MSVCRT:guard_support.obj
 0000:00000000       _volmd                     0000000180000000     MSVCRT:guard_support.obj
 0000:00000000       _volmd                     0000000180000000     MSVCRT:guard_support.obj
 0000:00000000       _volmd                     0000000180000000     MSVCRT:guard_support.obj
 0000:00000000       _volmd                     0000000180000000     MSVCRT:guard_support.obj
 0000:00000000       _volmd                     0000000180000000     MSVCRT:guard_support.obj
 0000:00000000       _volmd                     0000000180000000     MSVCRT:guard_support.obj
 0000:00000000       _volmd                     0000000180000000     MSVCRT:guard_support.obj
 0002:fffee000       __guard_ehcont___scrt_is_nonwritable_in_current_image 0000000180000000     MSVCRT:utility.obj
 0000:00000000       _volmd                     0000000180000000     MSVCRT:utility.obj
 0000:00000000       _volmd                     0000000180000000     MSVCRT:utility.obj
 0000:00000000       _volmd                     0000000180000000     MSVCRT:utility.obj
 0002:fffee000       __guard_fids___scrt_set_unhandled_exception_filter 0000000180000000     MSVCRT:utility_desktop.obj
 0000:00000000       _volmd                     0000000180000000     MSVCRT:utility_desktop.obj
 0002:fffee000       __guard_fids__             0000000180000000     vcruntime:softmemtag.obj
 0000:00000000       .debug$S                   0000000180000000     vcruntime:VCRUNTIME140.dll
 0000:00000000       .debug$S                   0000000180000000     vcruntime:VCRUNTIME140.dll
 0000:00000000       .debug$S                   0000000180000000     vcruntime:VCRUNTIME140.dll
 0000:00000000       .debug$S                   0000000180000000     vcruntime:VCRUNTIME140.dll
 0000:00000000       .debug$S                   0000000180000000     vcruntime:VCRUNTIME140.dll
 0000:00000000       .debug$S                   0000000180000000     vcruntime:VCRUNTIME140.dll
 0000:00000010       _volmd                     0000000180000010     MVDRBeamformerHDL_cgxe_registry.obj
 0000:00000010       _volmd                     0000000180000010     m_Kwnlh4DDKo0d1E3PVche9F.obj
 0000:00000020       _volmd                     0000000180000020     MVDRBeamformerHDL_cgxe_registry.obj
 0000:00000020       _volmd                     0000000180000020     m_Kwnlh4DDKo0d1E3PVche9F.obj
 0000:00000030       _volmd                     0000000180000030     MVDRBeamformerHDL_cgxe_registry.obj
 0000:00000030       _volmd                     0000000180000030     m_Kwnlh4DDKo0d1E3PVche9F.obj
 0000:00000040       _volmd                     0000000180000040     MVDRBeamformerHDL_cgxe_registry.obj
 0000:00000040       _volmd                     0000000180000040     m_Kwnlh4DDKo0d1E3PVche9F.obj
 0000:00000050       _volmd                     0000000180000050     MVDRBeamformerHDL_cgxe_registry.obj
 0000:00000050       _volmd                     0000000180000050     m_Kwnlh4DDKo0d1E3PVche9F.obj
 0000:00000060       _volmd                     0000000180000060     MVDRBeamformerHDL_cgxe_registry.obj
 0000:00000060       _volmd                     0000000180000060     m_Kwnlh4DDKo0d1E3PVche9F.obj
 0000:00000070       _volmd                     0000000180000070     MVDRBeamformerHDL_cgxe_registry.obj
 0000:00000070       _volmd                     0000000180000070     m_Kwnlh4DDKo0d1E3PVche9F.obj
 0000:00000080       _volmd                     0000000180000080     MVDRBeamformerHDL_cgxe_registry.obj
 0000:00000080       _volmd                     0000000180000080     m_Kwnlh4DDKo0d1E3PVche9F.obj
 0000:00000090       _volmd                     0000000180000090     MVDRBeamformerHDL_cgxe_registry.obj
 0000:00000090       _volmd                     0000000180000090     m_Kwnlh4DDKo0d1E3PVche9F.obj
 0000:000000a0       _volmd                     00000001800000a0     MVDRBeamformerHDL_cgxe_registry.obj
 0000:000000a0       _volmd                     00000001800000a0     m_Kwnlh4DDKo0d1E3PVche9F.obj
 0000:000000b0       _volmd                     00000001800000b0     MVDRBeamformerHDL_cgxe_registry.obj
 0000:000000c0       _volmd                     00000001800000c0     MVDRBeamformerHDL_cgxe_registry.obj
 0000:000000d0       _volmd                     00000001800000d0     MVDRBeamformerHDL_cgxe_registry.obj
 0000:000000e0       _volmd                     00000001800000e0     MVDRBeamformerHDL_cgxe_registry.obj
 0001:000000d0       localtime                  00000001800010d0 f   m_Kwnlh4DDKo0d1E3PVche9F.obj
 0001:000000f0       time                       00000001800010f0 f   m_Kwnlh4DDKo0d1E3PVche9F.obj
 0001:00000160       cgxe_mdl_start             0000000180001160 f   m_Kwnlh4DDKo0d1E3PVche9F.obj
 0001:00000210       cgxe_mdl_initialize        0000000180001210 f   m_Kwnlh4DDKo0d1E3PVche9F.obj
 0001:000002d0       cgxe_mdl_outputs           00000001800012d0 f   m_Kwnlh4DDKo0d1E3PVche9F.obj
 0001:00000370       cgxe_mdl_update            0000000180001370 f   m_Kwnlh4DDKo0d1E3PVche9F.obj
 0001:00000380       cgxe_mdl_enable            0000000180001380 f   m_Kwnlh4DDKo0d1E3PVche9F.obj
 0001:00000390       cgxe_mdl_disable           0000000180001390 f   m_Kwnlh4DDKo0d1E3PVche9F.obj
 0001:000003a0       cgxe_mdl_terminate         00000001800013a0 f   m_Kwnlh4DDKo0d1E3PVche9F.obj
 0001:000003f0       mw__internal__system__init__fcn 00000001800013f0 f   m_Kwnlh4DDKo0d1E3PVche9F.obj
 0001:000004f0       mw__internal__system__terminate__fcn 00000001800014f0 f   m_Kwnlh4DDKo0d1E3PVche9F.obj
 0001:00000600       mw__internal__call__setup  0000000180001600 f   m_Kwnlh4DDKo0d1E3PVche9F.obj
 0001:00000690       SimulinkReceiverPreamp_SimulinkReceiverPreamp 0000000180001690 f   m_Kwnlh4DDKo0d1E3PVche9F.obj
 0001:00000750       SystemCore_setup           0000000180001750 f   m_Kwnlh4DDKo0d1E3PVche9F.obj
 0001:00000bf0       AbstractReceiverPreamp_validateInputsImpl 0000000180001bf0 f   m_Kwnlh4DDKo0d1E3PVche9F.obj
 0001:00000e60       mw__internal__call__reset  0000000180001e60 f   m_Kwnlh4DDKo0d1E3PVche9F.obj
 0001:000011b0       mw__internal__call__step   00000001800021b0 f   m_Kwnlh4DDKo0d1E3PVche9F.obj
 0001:000016a0       AbstractReceiverPreamp_resetImpl 00000001800026a0 f   m_Kwnlh4DDKo0d1E3PVche9F.obj
 0001:000019b0       AbstractReceiverPreamp_stepImpl 00000001800029b0 f   m_Kwnlh4DDKo0d1E3PVche9F.obj
 0001:00002e20       now                        0000000180003e20 f   m_Kwnlh4DDKo0d1E3PVche9F.obj
 0001:00003260       b_mod                      0000000180004260 f   m_Kwnlh4DDKo0d1E3PVche9F.obj
 0001:00003320       b_rand                     0000000180004320 f   m_Kwnlh4DDKo0d1E3PVche9F.obj
 0001:000035e0       mt19937ar_reset            00000001800045e0 f   m_Kwnlh4DDKo0d1E3PVche9F.obj
 0001:000036b0       NoiseSource_resetImpl      00000001800046b0 f   m_Kwnlh4DDKo0d1E3PVche9F.obj
 0001:00003a10       mt19937ar_mtziggurat       0000000180004a10 f   m_Kwnlh4DDKo0d1E3PVche9F.obj
 0001:00003cb0       mt19937ar_genrand_uint32_vector 0000000180004cb0 f   m_Kwnlh4DDKo0d1E3PVche9F.obj
 0001:00003f70       mt19937ar_genrandu         0000000180004f70 f   m_Kwnlh4DDKo0d1E3PVche9F.obj
 0001:00004260       is_valid_state             0000000180005260 f   m_Kwnlh4DDKo0d1E3PVche9F.obj
 0001:00004310       RandStream_genericRandn    0000000180005310 f   m_Kwnlh4DDKo0d1E3PVche9F.obj
 0001:00004c50       RandStream_rand            0000000180005c50 f   m_Kwnlh4DDKo0d1E3PVche9F.obj
 0001:00004d20       b_mt19937ar_genrandu       0000000180005d20 f   m_Kwnlh4DDKo0d1E3PVche9F.obj
 0001:00005010       b_RandStream_rand          0000000180006010 f   m_Kwnlh4DDKo0d1E3PVche9F.obj
 0001:00005090       message                    0000000180006090 f   m_Kwnlh4DDKo0d1E3PVche9F.obj
 0001:00005130       getString                  0000000180006130 f   m_Kwnlh4DDKo0d1E3PVche9F.obj
 0001:000051a0       error                      00000001800061a0 f   m_Kwnlh4DDKo0d1E3PVche9F.obj
 0001:00005230       b_message                  0000000180006230 f   m_Kwnlh4DDKo0d1E3PVche9F.obj
 0001:000052a0       eml_rand_mt19937ar         00000001800062a0 f   m_Kwnlh4DDKo0d1E3PVche9F.obj
 0001:000058f0       init_simulink_io_address   00000001800068f0 f   m_Kwnlh4DDKo0d1E3PVche9F.obj
 0001:00005960       mdlOutputs_Kwnlh4DDKo0d1E3PVche9F 0000000180006960 f   m_Kwnlh4DDKo0d1E3PVche9F.obj
 0001:000059a0       mdlInitialize_Kwnlh4DDKo0d1E3PVche9F 00000001800069a0 f   m_Kwnlh4DDKo0d1E3PVche9F.obj
 0001:000059d0       mdlUpdate_Kwnlh4DDKo0d1E3PVche9F 00000001800069d0 f   m_Kwnlh4DDKo0d1E3PVche9F.obj
 0001:00005a10       mdlTerminate_Kwnlh4DDKo0d1E3PVche9F 0000000180006a10 f   m_Kwnlh4DDKo0d1E3PVche9F.obj
 0001:00005a50       mdlEnable_Kwnlh4DDKo0d1E3PVche9F 0000000180006a50 f   m_Kwnlh4DDKo0d1E3PVche9F.obj
 0001:00005a80       mdlDisable_Kwnlh4DDKo0d1E3PVche9F 0000000180006a80 f   m_Kwnlh4DDKo0d1E3PVche9F.obj
 0001:00005ab0       mdlStart_Kwnlh4DDKo0d1E3PVche9F 0000000180006ab0 f   m_Kwnlh4DDKo0d1E3PVche9F.obj
 0001:00005bb0       mdlProcessParameters_Kwnlh4DDKo0d1E3PVche9F 0000000180006bb0 f   m_Kwnlh4DDKo0d1E3PVche9F.obj
 0001:00007c8c       $LN147                     0000000180008c8c     MVDRBeamformerHDL_cgxe_registry.obj
 0001:00008af4       $LN22                      0000000180009af4     MVDRBeamformerHDL_cgxe_registry.obj
 0001:000091f4       $LN26                      000000018000a1f4     MVDRBeamformerHDL_cgxe_registry.obj
 0001:000098d4       $LN24                      000000018000a8d4     MVDRBeamformerHDL_cgxe_registry.obj
 0001:0000a60c       $LN30                      000000018000b60c     MVDRBeamformerHDL_cgxe_registry.obj
 0001:0000cff0       mdlStart                   000000018000dff0 f   MVDRBeamformerHDL_cgxe_registry.obj
 0001:0000d030       mdlInitializeConditions    000000018000e030 f   MVDRBeamformerHDL_cgxe_registry.obj
 0001:0000d050       mdlUpdate                  000000018000e050 f   MVDRBeamformerHDL_cgxe_registry.obj
 0001:0000d080       mdlOutputs                 000000018000e080 f   MVDRBeamformerHDL_cgxe_registry.obj
 0001:0000d0b0       mdlTerminate               000000018000e0b0 f   MVDRBeamformerHDL_cgxe_registry.obj
 0001:0000d0d0       mdlInitializeSizes         000000018000e0d0 f   MVDRBeamformerHDL_cgxe_registry.obj
 0001:0000d0e0       mdlInitializeSampleTimes   000000018000e0e0 f   MVDRBeamformerHDL_cgxe_registry.obj
 0001:0000d0f0       cgxe_get_supported_modules 000000018000e0f0 f   MVDRBeamformerHDL_cgxe_registry.obj
 0001:0000d1c0       cgxe_process_get_checksums 000000018000e1c0 f   MVDRBeamformerHDL_cgxe_registry.obj
 0001:0000d550       cgxe_mex_unlock_call       000000018000e550 f   MVDRBeamformerHDL_cgxe_registry.obj
 0001:0000d590       cgxe_unpack_simstruct      000000018000e590 f   MVDRBeamformerHDL_cgxe_registry.obj
 0001:0000d630       cgxe_get_sim_state         000000018000e630 f   MVDRBeamformerHDL_cgxe_registry.obj
 0001:0000d6a0       cgxe_set_sim_state         000000018000e6a0 f   MVDRBeamformerHDL_cgxe_registry.obj
 0001:0000d720       cgxe_get_BuildInfoUpdate   000000018000e720 f   MVDRBeamformerHDL_cgxe_registry.obj
 0001:0000d7f0       cgxe_get_fallback_info     000000018000e7f0 f   MVDRBeamformerHDL_cgxe_registry.obj
 0001:0000d8c0       ProcessMexSfunctionCmdLineCall 000000018000e8c0 f   MVDRBeamformerHDL_cgxe_registry.obj
 0001:0000daf0       mdlZeroCrossings           000000018000eaf0 f   MVDRBeamformerHDL_cgxe_registry.obj
 0001:0000db40       mdlGetTimeOfNextVarHit     000000018000eb40 f   MVDRBeamformerHDL_cgxe_registry.obj
 0001:0000db90       _RegNumInputPortsCB        000000018000eb90 f   MVDRBeamformerHDL_cgxe_registry.obj
 0001:0000dc10       _RegNumOutputPortsCB       000000018000ec10 f   MVDRBeamformerHDL_cgxe_registry.obj
 0001:0000dc90       _CreateSimStruct           000000018000ec90 f   MVDRBeamformerHDL_cgxe_registry.obj
[...]
 0003:000058b0       $SG24724                   000000018001a8b0     m_Kwnlh4DDKo0d1E3PVche9F.obj
 0003:000058c0       $SG24726                   000000018001a8c0     m_Kwnlh4DDKo0d1E3PVche9F.obj
 0003:000058d8       $SG24727                   000000018001a8d8     m_Kwnlh4DDKo0d1E3PVche9F.obj
 0003:000058f0       $SG24728                   000000018001a8f0     m_Kwnlh4DDKo0d1E3PVche9F.obj
 0003:00005908       $SG21589                   000000018001a908     MVDRBeamformerHDL_cgxe_registry.obj
 0003:00005938       $SG21594                   000000018001a938     MVDRBeamformerHDL_cgxe_registry.obj
 0003:00005978       $SG21601                   000000018001a978     MVDRBeamformerHDL_cgxe_registry.obj
 0003:000059ac       $SG21658                   000000018001a9ac     MVDRBeamformerHDL_cgxe_registry.obj
 0003:000059b4       $SG21662                   000000018001a9b4     MVDRBeamformerHDL_cgxe_registry.obj
 0003:000059bc       $SG23527                   000000018001a9bc     MVDRBeamformerHDL_cgxe_registry.obj
 0003:000059c0       $SG21608                   000000018001a9c0     MVDRBeamformerHDL_cgxe_registry.obj
 0003:000059f4       $SG21668                   000000018001a9f4     MVDRBeamformerHDL_cgxe_registry.obj
 0003:000059fc       $SG23608                   000000018001a9fc     MVDRBeamformerHDL_cgxe_registry.obj
 0003:00005a00       $SG21613                   000000018001aa00     MVDRBeamformerHDL_cgxe_registry.obj
 0003:00005a38       $SG21656                   000000018001aa38     MVDRBeamformerHDL_cgxe_registry.obj
 0003:00005a40       $SG21660                   000000018001aa40     MVDRBeamformerHDL_cgxe_registry.obj
 0003:00005a50       $SG21664                   000000018001aa50     MVDRBeamformerHDL_cgxe_registry.obj
 0003:00005a58       $SG21665                   000000018001aa58     MVDRBeamformerHDL_cgxe_registry.obj
 0003:00005a60       $SG21666                   000000018001aa60     MVDRBeamformerHDL_cgxe_registry.obj
 0003:00005a68       $SG21667                   000000018001aa68     MVDRBeamformerHDL_cgxe_registry.obj
 0003:00005a78       $SG21669                   000000018001aa78     MVDRBeamformerHDL_cgxe_registry.obj
 0003:00005a80       $SG21714                   000000018001aa80     MVDRBeamformerHDL_cgxe_registry.obj
 0003:00005ab0       $SG21729                   000000018001aab0     MVDRBeamformerHDL_cgxe_registry.obj
 0003:00005ae0       $SG21747                   000000018001aae0     MVDRBeamformerHDL_cgxe_registry.obj
 0003:00005af8       $SG21765                   000000018001aaf8     MVDRBeamformerHDL_cgxe_registry.obj
 0003:00005b10       $SG21783                   000000018001ab10     MVDRBeamformerHDL_cgxe_registry.obj
 0003:00005b20       $SG21785                   000000018001ab20     MVDRBeamformerHDL_cgxe_registry.obj
 0003:00005b30       $SG21787                   000000018001ab30     MVDRBeamformerHDL_cgxe_registry.obj
 0003:00005b40       $SG21789                   000000018001ab40     MVDRBeamformerHDL_cgxe_registry.obj
 0003:00005b50       $SG21791                   000000018001ab50     MVDRBeamformerHDL_cgxe_registry.obj
 0003:00005b68       $SG21793                   000000018001ab68     MVDRBeamformerHDL_cgxe_registry.obj
 0003:00005b80       $SG21807                   000000018001ab80     MVDRBeamformerHDL_cgxe_registry.obj
 0003:00005ba8       _sfcnName                  000000018001aba8     MVDRBeamformerHDL_cgxe_registry.obj
 0003:00005bd8       $SG22233                   000000018001abd8     MVDRBeamformerHDL_cgxe_registry.obj
 0003:00005bf0       $SG21824                   000000018001abf0     MVDRBeamformerHDL_cgxe_registry.obj
 0003:00005c68       $SG22234                   000000018001ac68     MVDRBeamformerHDL_cgxe_registry.obj
 0003:00005c80       $SG21829                   000000018001ac80     MVDRBeamformerHDL_cgxe_registry.obj
 0003:00005cf8       $SG22248                   000000018001acf8     MVDRBeamformerHDL_cgxe_registry.obj
 0003:00005d08       $SG22438                   000000018001ad08     MVDRBeamformerHDL_cgxe_registry.obj
 0003:00005d48       $SG22439                   000000018001ad48     MVDRBeamformerHDL_cgxe_registry.obj
 0003:00005d58       $SG22440                   000000018001ad58     MVDRBeamformerHDL_cgxe_registry.obj
 0003:00005d60       $SG22444                   000000018001ad60     MVDRBeamformerHDL_cgxe_registry.obj
 0003:00005da8       $SG22445                   000000018001ada8     MVDRBeamformerHDL_cgxe_registry.obj
 0003:00005db8       $SG22446                   000000018001adb8     MVDRBeamformerHDL_cgxe_registry.obj
 0003:00005dc0       $SG22447                   000000018001adc0     MVDRBeamformerHDL_cgxe_registry.obj
 0003:00005e18       $SG22448                   000000018001ae18     MVDRBeamformerHDL_cgxe_registry.obj
 0003:00005e28       $SG22449                   000000018001ae28     MVDRBeamformerHDL_cgxe_registry.obj
 0003:00005e30       $SG22471                   000000018001ae30     MVDRBeamformerHDL_cgxe_registry.obj
 0003:00005e70       $SG22472                   000000018001ae70     MVDRBeamformerHDL_cgxe_registry.obj
 0003:00005e80       $SG22473                   000000018001ae80     MVDRBeamformerHDL_cgxe_registry.obj
 0003:00005e88       $SG22479                   000000018001ae88     MVDRBeamformerHDL_cgxe_registry.obj
 0003:00005e90       $SG22477                   000000018001ae90     MVDRBeamformerHDL_cgxe_registry.obj
 0003:00005ed8       $SG22478                   000000018001aed8     MVDRBeamformerHDL_cgxe_registry.obj
 0003:00005ee8       $SG22482                   000000018001aee8     MVDRBeamformerHDL_cgxe_registry.obj
 0003:00005ef0       $SG22480                   000000018001aef0     MVDRBeamformerHDL_cgxe_registry.obj
 0003:00005f48       $SG22481                   000000018001af48     MVDRBeamformerHDL_cgxe_registry.obj
 0003:00005f58       $SG22508                   000000018001af58     MVDRBeamformerHDL_cgxe_registry.obj
 0003:00005f60       $SG22506                   000000018001af60     MVDRBeamformerHDL_cgxe_registry.obj
 0003:00005fb0       $SG22507                   000000018001afb0     MVDRBeamformerHDL_cgxe_registry.obj
 0003:00005fc0       $SG22520                   000000018001afc0     MVDRBeamformerHDL_cgxe_registry.obj
 0003:00006020       $SG22521                   000000018001b020     MVDRBeamformerHDL_cgxe_registry.obj
 0003:00006028       $SG22522                   000000018001b028     MVDRBeamformerHDL_cgxe_registry.obj
 0003:00006030       $SG22534                   000000018001b030     MVDRBeamformerHDL_cgxe_registry.obj
 0003:00006090       $SG22535                   000000018001b090     MVDRBeamformerHDL_cgxe_registry.obj
 0003:00006098       $SG22536                   000000018001b098     MVDRBeamformerHDL_cgxe_registry.obj
 0003:000060a0       $SG22889                   000000018001b0a0     MVDRBeamformerHDL_cgxe_registry.obj
 0003:00006118       $SG23511                   000000018001b118     MVDRBeamformerHDL_cgxe_registry.obj
 0003:00006130       $SG22892                   000000018001b130     MVDRBeamformerHDL_cgxe_registry.obj
 0003:000061a4       $SG23582                   000000018001b1a4     MVDRBeamformerHDL_cgxe_registry.obj
 0003:000061b0       $SG22897                   000000018001b1b0     MVDRBeamformerHDL_cgxe_registry.obj
 0003:00006228       $SG23583                   000000018001b228     MVDRBeamformerHDL_cgxe_registry.obj
 0003:00006230       $SG22905                   000000018001b230     MVDRBeamformerHDL_cgxe_registry.obj
 0003:000062a0       $SG23180                   000000018001b2a0     MVDRBeamformerHDL_cgxe_registry.obj
 0003:00006318       $SG23584                   000000018001b318     MVDRBeamformerHDL_cgxe_registry.obj
 0003:00006320       $SG23185                   000000018001b320     MVDRBeamformerHDL_cgxe_registry.obj
 0003:00006398       $SG23590                   000000018001b398     MVDRBeamformerHDL_cgxe_registry.obj
 0003:000063a0       $SG23524                   000000018001b3a0     MVDRBeamformerHDL_cgxe_registry.obj
 0003:00006418       $SG23593                   000000018001b418     MVDRBeamformerHDL_cgxe_registry.obj
 0003:00006420       $SG23585                   000000018001b420     MVDRBeamformerHDL_cgxe_registry.obj
 0003:00006498       $SG23596                   000000018001b498     MVDRBeamformerHDL_cgxe_registry.obj
 0003:000064a0       $SG23587                   000000018001b4a0     MVDRBeamformerHDL_cgxe_registry.obj
 0003:00006520       $SG23597                   000000018001b520     MVDRBeamformerHDL_cgxe_registry.obj
 0003:000065a0       $SG23598                   000000018001b5a0     MVDRBeamformerHDL_cgxe_registry.obj
 0003:000065b0       $SG23600                   000000018001b5b0     MVDRBeamformerHDL_cgxe_registry.obj
 0003:000065bc       $SG23602                   000000018001b5bc     MVDRBeamformerHDL_cgxe_registry.obj
 0003:000065c4       $SG23604                   000000018001b5c4     MVDRBeamformerHDL_cgxe_registry.obj
 0003:000065d0       $SG23606                   000000018001b5d0     MVDRBeamformerHDL_cgxe_registry.obj
 0003:000065e0       $SG23611                   000000018001b5e0     MVDRBeamformerHDL_cgxe_registry.obj
 0003:000066c8       $SG23729                   000000018001b6c8     MVDRBeamformerHDL_cgxe_registry.obj
 0003:000066f8       $SG23730                   000000018001b6f8     MVDRBeamformerHDL_cgxe_registry.obj
 0003:00006708       $SG23731                   000000018001b708     MVDRBeamformerHDL_cgxe_registry.obj
 0003:00006710       $SG23733                   000000018001b710     MVDRBeamformerHDL_cgxe_registry.obj
 0003:00006748       $SG23734                   000000018001b748     MVDRBeamformerHDL_cgxe_registry.obj
 0003:00006758       $SG23735                   000000018001b758     MVDRBeamformerHDL_cgxe_registry.obj
 0003:00006760       $SG23738                   000000018001b760     MVDRBeamformerHDL_cgxe_registry.obj
 0003:00006798       $SG23739                   000000018001b798     MVDRBeamformerHDL_cgxe_registry.obj
 0003:000067a8       $SG23740                   000000018001b7a8     MVDRBeamformerHDL_cgxe_registry.obj
 0003:000067b0       $SG23742                   000000018001b7b0     MVDRBeamformerHDL_cgxe_registry.obj
 0003:000067e8       $SG23743                   000000018001b7e8     MVDRBeamformerHDL_cgxe_registry.obj
 0003:000067f8       $SG23744                   000000018001b7f8     MVDRBeamformerHDL_cgxe_registry.obj
 0003:00006800       $SG23746                   000000018001b800     MVDRBeamformerHDL_cgxe_registry.obj
 0003:00006838       $SG23747                   000000018001b838     MVDRBeamformerHDL_cgxe_registry.obj
 0003:00006848       $SG23748                   000000018001b848     MVDRBeamformerHDL_cgxe_registry.obj
 0003:00006850       $SG23751                   000000018001b850     MVDRBeamformerHDL_cgxe_registry.obj
 0003:00006868       $SG23753                   000000018001b868     MVDRBeamformerHDL_cgxe_registry.obj
 0003:00006880       $SG23754                   000000018001b880     MVDRBeamformerHDL_cgxe_registry.obj
 0003:000068b8       $SG23755                   000000018001b8b8     MVDRBeamformerHDL_cgxe_registry.obj
 0003:000068c8       $SG23756                   000000018001b8c8     MVDRBeamformerHDL_cgxe_registry.obj
 0003:000068d0       $SG23891                   000000018001b8d0     MVDRBeamformerHDL_cgxe_registry.obj
 0003:000068f0       $SG23892                   000000018001b8f0     MVDRBeamformerHDL_cgxe_registry.obj
 0003:00006980       $SG23898                   000000018001b980     MVDRBeamformerHDL_cgxe_registry.obj
 0003:00006998       $SG23905                   000000018001b998     MVDRBeamformerHDL_cgxe_registry.obj
 0003:000069b0       $SG23899                   000000018001b9b0     MVDRBeamformerHDL_cgxe_registry.obj
 0003:00006a40       $SG23906                   000000018001ba40     MVDRBeamformerHDL_cgxe_registry.obj
 0003:00006ad0       $SG23912                   000000018001bad0     MVDRBeamformerHDL_cgxe_registry.obj
 0003:00006af0       $SG23913                   000000018001baf0     MVDRBeamformerHDL_cgxe_registry.obj
 0003:00006b80       $SG23919                   000000018001bb80     MVDRBeamformerHDL_cgxe_registry.obj
 0003:00006ba0       $SG23920                   000000018001bba0     MVDRBeamformerHDL_cgxe_registry.obj
 0003:00006c30       $SG23924                   000000018001bc30     MVDRBeamformerHDL_cgxe_registry.obj
 0003:00006c50       $SG23925                   000000018001bc50     MVDRBeamformerHDL_cgxe_registry.obj
 0003:00006ce0       $SG23929                   000000018001bce0     MVDRBeamformerHDL_cgxe_registry.obj
 0003:00006d08       $SG23934                   000000018001bd08     MVDRBeamformerHDL_cgxe_registry.obj
 0003:00006d30       $SG23930                   000000018001bd30     MVDRBeamformerHDL_cgxe_registry.obj
 0003:00006dc0       $SG23935                   000000018001bdc0     MVDRBeamformerHDL_cgxe_registry.obj
 0003:00006e50       $SG23939                   000000018001be50     MVDRBeamformerHDL_cgxe_registry.obj
 0003:00006e70       $SG23940                   000000018001be70     MVDRBeamformerHDL_cgxe_registry.obj
 0003:00006f00       $SG23944                   000000018001bf00     MVDRBeamformerHDL_cgxe_registry.obj
 0003:00006f20       $SG23945                   000000018001bf20     MVDRBeamformerHDL_cgxe_registry.obj
 0003:00006fb0       $SG23949                   000000018001bfb0     MVDRBeamformerHDL_cgxe_registry.obj
 0003:00006fc8       $SG23985                   000000018001bfc8     MVDRBeamformerHDL_cgxe_registry.obj
 0003:00006fe0       $SG23950                   000000018001bfe0     MVDRBeamformerHDL_cgxe_registry.obj
 0003:00007070       $SG23954                   000000018001c070     MVDRBeamformerHDL_cgxe_registry.obj
 0003:00007090       $SG23955                   000000018001c090     MVDRBeamformerHDL_cgxe_registry.obj
 0003:00007120       $SG23959                   000000018001c120     MVDRBeamformerHDL_cgxe_registry.obj
 0003:00007140       $SG23960                   000000018001c140     MVDRBeamformerHDL_cgxe_registry.obj
 0003:000071d0       $SG23964                   000000018001c1d0     MVDRBeamformerHDL_cgxe_registry.obj
 0003:000071f0       $SG23965                   000000018001c1f0     MVDRBeamformerHDL_cgxe_registry.obj
 0003:00007280       $SG23969                   000000018001c280     MVDRBeamformerHDL_cgxe_registry.obj
 0003:000072a0       $SG23970                   000000018001c2a0     MVDRBeamformerHDL_cgxe_registry.obj
 0003:00007330       $SG23974                   000000018001c330     MVDRBeamformerHDL_cgxe_registry.obj
 0003:00007350       $SG23975                   000000018001c350     MVDRBeamformerHDL_cgxe_registry.obj
 0003:000073e0       $SG23979                   000000018001c3e0     MVDRBeamformerHDL_cgxe_registry.obj
 0003:00007400       $SG23980                   000000018001c400     MVDRBeamformerHDL_cgxe_registry.obj
 0003:00007490       $SG23986                   000000018001c490     MVDRBeamformerHDL_cgxe_registry.obj
 0003:00007520       $SG23991                   000000018001c520     MVDRBeamformerHDL_cgxe_registry.obj
 0003:00007538       $SG24001                   000000018001c538     MVDRBeamformerHDL_cgxe_registry.obj
 0003:00007550       $SG23992                   000000018001c550     MVDRBeamformerHDL_cgxe_registry.obj
 0003:000075e0       $SG23996                   000000018001c5e0     MVDRBeamformerHDL_cgxe_registry.obj
 0003:000075f0       $SG23997                   000000018001c5f0     MVDRBeamformerHDL_cgxe_registry.obj
 0003:00007680       $SG24002                   000000018001c680     MVDRBeamformerHDL_cgxe_registry.obj
 0003:00007710       $SG24010                   000000018001c710     MVDRBeamformerHDL_cgxe_registry.obj
 0003:00007720       $SG24011                   000000018001c720     MVDRBeamformerHDL_cgxe_registry.obj
 0003:000077b0       $SG24015                   000000018001c7b0     MVDRBeamformerHDL_cgxe_registry.obj
 0003:00007830       $SG24017                   000000018001c830     MVDRBeamformerHDL_cgxe_registry.obj
 0003:000078a8       $SG24064                   000000018001c8a8     MVDRBeamformerHDL_cgxe_registry.obj
 0003:000078b8       $SG24145                   000000018001c8b8     MVDRBeamformerHDL_cgxe_registry.obj
 0003:000078c0       $SG24021                   000000018001c8c0     MVDRBeamformerHDL_cgxe_registry.obj
 0003:00007938       $SG24075                   000000018001c938     MVDRBeamformerHDL_cgxe_registry.obj
 0003:00007948       $SG24146                   000000018001c948     MVDRBeamformerHDL_cgxe_registry.obj
 0003:00007950       $SG24051                   000000018001c950     MVDRBeamformerHDL_cgxe_registry.obj
 0003:00007a68       $SG24088                   000000018001ca68     MVDRBeamformerHDL_cgxe_registry.obj
 0003:00007a78       $SG24099                   000000018001ca78     MVDRBeamformerHDL_cgxe_registry.obj
 0003:00007a88       $SG24112                   000000018001ca88     MVDRBeamformerHDL_cgxe_registry.obj
 0003:00007a98       $SG24123                   000000018001ca98     MVDRBeamformerHDL_cgxe_registry.obj
 0003:00007aa8       $SG24133                   000000018001caa8     MVDRBeamformerHDL_cgxe_registry.obj
 0003:00007ac8       $SG24144                   000000018001cac8     MVDRBeamformerHDL_cgxe_registry.obj
 0003:00007af8       $SG24157                   000000018001caf8     MVDRBeamformerHDL_cgxe_registry.obj
 0003:00007b30       $SG24158                   000000018001cb30     MVDRBeamformerHDL_cgxe_registry.obj
 0003:00007b38       $SG24159                   000000018001cb38     MVDRBeamformerHDL_cgxe_registry.obj
 0003:00007b80       $SG23180                   000000018001cb80     m_Kwnlh4DDKo0d1E3PVche9F.obj
 0003:00007b81       $SG23181                   000000018001cb81     m_Kwnlh4DDKo0d1E3PVche9F.obj
 0003:00007b82       $SG23183                   000000018001cb82     m_Kwnlh4DDKo0d1E3PVche9F.obj
 0003:00007b83       $SG23184                   000000018001cb83     m_Kwnlh4DDKo0d1E3PVche9F.obj
 0003:00007b84       $SG23198                   000000018001cb84     m_Kwnlh4DDKo0d1E3PVche9F.obj
 0003:00007b85       $SG23199                   000000018001cb85     m_Kwnlh4DDKo0d1E3PVche9F.obj
 0003:00007b86       $SG23201                   000000018001cb86     m_Kwnlh4DDKo0d1E3PVche9F.obj
 0003:00007b87       $SG23202                   000000018001cb87     m_Kwnlh4DDKo0d1E3PVche9F.obj
 0003:00007b88       $SG23375                   000000018001cb88     m_Kwnlh4DDKo0d1E3PVche9F.obj
 0003:00007b89       $SG23376                   000000018001cb89     m_Kwnlh4DDKo0d1E3PVche9F.obj
 0003:00007b8a       $SG24714                   000000018001cb8a     m_Kwnlh4DDKo0d1E3PVche9F.obj
 0003:00007b8b       $SG24715                   000000018001cb8b     m_Kwnlh4DDKo0d1E3PVche9F.obj
 0003:00007b8c       $SG23578                   000000018001cb8c     MVDRBeamformerHDL_cgxe_registry.obj
 0003:00007b8e       ?warningGuard@?1??ssGetRootSS@@9@9 000000018001cb8e     MVDRBeamformerHDL_cgxe_registry.obj
 0003:00007b8f       ?warningGuard@?1??ssGetParentSS@@9@9 000000018001cb8f     MVDRBeamformerHDL_cgxe_registry.obj
 0003:00007b90       GS_ExceptionRecord         000000018001cb90     MSVCRT:gs_report.obj
 0003:00007c30       GS_ContextRecord           000000018001cc30     MSVCRT:gs_report.obj
 0003:00008100       ?__proc_attached@@3HA      000000018001d100     MSVCRT:dll_dllmain.obj
 0003:00008140       ?is_initialized_as_dll@@3_NA 000000018001d140     MSVCRT:utility.obj
 0003:00008141       ?module_local_atexit_table_initialized@@3_NA 000000018001d141     MSVCRT:utility.obj
 0003:00008148       ?module_local_atexit_table@@3U_onexit_table_t@@A 000000018001d148     MSVCRT:utility.obj
 0003:00008160       ?module_local_at_quick_exit_table@@3U_onexit_table_t@@A 000000018001d160     MSVCRT:utility.obj
